<?xml version="1.0" encoding="ISO-8859-1" ?>
<link_info>
   <banner>MSP430 Linker PC v20.2.0.LTS</banner>
   <copyright>Copyright (c) 2003-2018 Texas Instruments Incorporated</copyright>
   <link_time>0x5eb6d9c4</link_time>
   <link_errors>0x0</link_errors>
   <output_file>au20xx_flow_sensor.out</output_file>
   <entry_point>
      <name>_c_int00_noargs</name>
      <address>0x4524</address>
   </entry_point>
   <input_file_list>
      <input_file id="fl-2">
         <path>.\</path>
         <kind>object</kind>
         <file>main.obj</file>
         <name>main.obj</name>
      </input_file>
      <input_file id="fl-3">
         <path>.\au20xx_api\</path>
         <kind>object</kind>
         <file>au20xx_api.obj</file>
         <name>au20xx_api.obj</name>
      </input_file>
      <input_file id="fl-4">
         <path>.\source\</path>
         <kind>object</kind>
         <file>common.obj</file>
         <name>common.obj</name>
      </input_file>
      <input_file id="fl-5">
         <path>.\source\</path>
         <kind>object</kind>
         <file>hal_adc.obj</file>
         <name>hal_adc.obj</name>
      </input_file>
      <input_file id="fl-6">
         <path>.\source\</path>
         <kind>object</kind>
         <file>hal_fram.obj</file>
         <name>hal_fram.obj</name>
      </input_file>
      <input_file id="fl-7">
         <path>.\source\</path>
         <kind>object</kind>
         <file>hal_gpio.obj</file>
         <name>hal_gpio.obj</name>
      </input_file>
      <input_file id="fl-8">
         <path>.\source\</path>
         <kind>object</kind>
         <file>hal_osc.obj</file>
         <name>hal_osc.obj</name>
      </input_file>
      <input_file id="fl-9">
         <path>.\source\</path>
         <kind>object</kind>
         <file>hal_refa.obj</file>
         <name>hal_refa.obj</name>
      </input_file>
      <input_file id="fl-a">
         <path>.\source\</path>
         <kind>object</kind>
         <file>hal_spi.obj</file>
         <name>hal_spi.obj</name>
      </input_file>
      <input_file id="fl-b">
         <path>.\source\</path>
         <kind>object</kind>
         <file>hal_timerA.obj</file>
         <name>hal_timerA.obj</name>
      </input_file>
      <input_file id="fl-c">
         <path>.\source\</path>
         <kind>object</kind>
         <file>hal_uart.obj</file>
         <name>hal_uart.obj</name>
      </input_file>
      <input_file id="fl-14">
         <kind>object</kind>
         <file>&lt;internal&gt;</file>
         <name>&lt;internal&gt;</name>
      </input_file>
      <input_file id="fl-39">
         <path>C:\ti\ccs1000\ccs\tools\compiler\ti-cgt-msp430_20.2.0.LTS\lib\</path>
         <kind>archive</kind>
         <file>rts430x_lc_rd_eabi.lib</file>
         <name>copy_decompress_lzss.c.obj</name>
      </input_file>
      <input_file id="fl-3a">
         <path>C:\ti\ccs1000\ccs\tools\compiler\ti-cgt-msp430_20.2.0.LTS\lib\</path>
         <kind>archive</kind>
         <file>rts430x_lc_rd_eabi.lib</file>
         <name>copy_decompress_none.c.obj</name>
      </input_file>
      <input_file id="fl-3b">
         <path>C:\ti\ccs1000\ccs\tools\compiler\ti-cgt-msp430_20.2.0.LTS\lib\</path>
         <kind>archive</kind>
         <file>rts430x_lc_rd_eabi.lib</file>
         <name>int27.asm.obj</name>
      </input_file>
      <input_file id="fl-3c">
         <path>C:\ti\ccs1000\ccs\tools\compiler\ti-cgt-msp430_20.2.0.LTS\lib\</path>
         <kind>archive</kind>
         <file>rts430x_lc_rd_eabi.lib</file>
         <name>isr_trap.asm.obj</name>
      </input_file>
      <input_file id="fl-3d">
         <path>C:\ti\ccs1000\ccs\tools\compiler\ti-cgt-msp430_20.2.0.LTS\lib\</path>
         <kind>archive</kind>
         <file>rts430x_lc_rd_eabi.lib</file>
         <name>int28.asm.obj</name>
      </input_file>
      <input_file id="fl-3e">
         <path>C:\ti\ccs1000\ccs\tools\compiler\ti-cgt-msp430_20.2.0.LTS\lib\</path>
         <kind>archive</kind>
         <file>rts430x_lc_rd_eabi.lib</file>
         <name>int29.asm.obj</name>
      </input_file>
      <input_file id="fl-3f">
         <path>C:\ti\ccs1000\ccs\tools\compiler\ti-cgt-msp430_20.2.0.LTS\lib\</path>
         <kind>archive</kind>
         <file>rts430x_lc_rd_eabi.lib</file>
         <name>int30.asm.obj</name>
      </input_file>
      <input_file id="fl-40">
         <path>C:\ti\ccs1000\ccs\tools\compiler\ti-cgt-msp430_20.2.0.LTS\lib\</path>
         <kind>archive</kind>
         <file>rts430x_lc_rd_eabi.lib</file>
         <name>int31.asm.obj</name>
      </input_file>
      <input_file id="fl-41">
         <path>C:\ti\ccs1000\ccs\tools\compiler\ti-cgt-msp430_20.2.0.LTS\lib\</path>
         <kind>archive</kind>
         <file>rts430x_lc_rd_eabi.lib</file>
         <name>int32.asm.obj</name>
      </input_file>
      <input_file id="fl-42">
         <path>C:\ti\ccs1000\ccs\tools\compiler\ti-cgt-msp430_20.2.0.LTS\lib\</path>
         <kind>archive</kind>
         <file>rts430x_lc_rd_eabi.lib</file>
         <name>int33.asm.obj</name>
      </input_file>
      <input_file id="fl-43">
         <path>C:\ti\ccs1000\ccs\tools\compiler\ti-cgt-msp430_20.2.0.LTS\lib\</path>
         <kind>archive</kind>
         <file>rts430x_lc_rd_eabi.lib</file>
         <name>int34.asm.obj</name>
      </input_file>
      <input_file id="fl-44">
         <path>C:\ti\ccs1000\ccs\tools\compiler\ti-cgt-msp430_20.2.0.LTS\lib\</path>
         <kind>archive</kind>
         <file>rts430x_lc_rd_eabi.lib</file>
         <name>int35.asm.obj</name>
      </input_file>
      <input_file id="fl-45">
         <path>C:\ti\ccs1000\ccs\tools\compiler\ti-cgt-msp430_20.2.0.LTS\lib\</path>
         <kind>archive</kind>
         <file>rts430x_lc_rd_eabi.lib</file>
         <name>int36.asm.obj</name>
      </input_file>
      <input_file id="fl-46">
         <path>C:\ti\ccs1000\ccs\tools\compiler\ti-cgt-msp430_20.2.0.LTS\lib\</path>
         <kind>archive</kind>
         <file>rts430x_lc_rd_eabi.lib</file>
         <name>int37.asm.obj</name>
      </input_file>
      <input_file id="fl-47">
         <path>C:\ti\ccs1000\ccs\tools\compiler\ti-cgt-msp430_20.2.0.LTS\lib\</path>
         <kind>archive</kind>
         <file>rts430x_lc_rd_eabi.lib</file>
         <name>int38.asm.obj</name>
      </input_file>
      <input_file id="fl-48">
         <path>C:\ti\ccs1000\ccs\tools\compiler\ti-cgt-msp430_20.2.0.LTS\lib\</path>
         <kind>archive</kind>
         <file>rts430x_lc_rd_eabi.lib</file>
         <name>int40.asm.obj</name>
      </input_file>
      <input_file id="fl-49">
         <path>C:\ti\ccs1000\ccs\tools\compiler\ti-cgt-msp430_20.2.0.LTS\lib\</path>
         <kind>archive</kind>
         <file>rts430x_lc_rd_eabi.lib</file>
         <name>int41.asm.obj</name>
      </input_file>
      <input_file id="fl-4a">
         <path>C:\ti\ccs1000\ccs\tools\compiler\ti-cgt-msp430_20.2.0.LTS\lib\</path>
         <kind>archive</kind>
         <file>rts430x_lc_rd_eabi.lib</file>
         <name>int42.asm.obj</name>
      </input_file>
      <input_file id="fl-4b">
         <path>C:\ti\ccs1000\ccs\tools\compiler\ti-cgt-msp430_20.2.0.LTS\lib\</path>
         <kind>archive</kind>
         <file>rts430x_lc_rd_eabi.lib</file>
         <name>int43.asm.obj</name>
      </input_file>
      <input_file id="fl-4c">
         <path>C:\ti\ccs1000\ccs\tools\compiler\ti-cgt-msp430_20.2.0.LTS\lib\</path>
         <kind>archive</kind>
         <file>rts430x_lc_rd_eabi.lib</file>
         <name>int46.asm.obj</name>
      </input_file>
      <input_file id="fl-4d">
         <path>C:\ti\ccs1000\ccs\tools\compiler\ti-cgt-msp430_20.2.0.LTS\lib\</path>
         <kind>archive</kind>
         <file>rts430x_lc_rd_eabi.lib</file>
         <name>int49.asm.obj</name>
      </input_file>
      <input_file id="fl-4e">
         <path>C:\ti\ccs1000\ccs\tools\compiler\ti-cgt-msp430_20.2.0.LTS\lib\</path>
         <kind>archive</kind>
         <file>rts430x_lc_rd_eabi.lib</file>
         <name>int50.asm.obj</name>
      </input_file>
      <input_file id="fl-4f">
         <path>C:\ti\ccs1000\ccs\tools\compiler\ti-cgt-msp430_20.2.0.LTS\lib\</path>
         <kind>archive</kind>
         <file>rts430x_lc_rd_eabi.lib</file>
         <name>int51.asm.obj</name>
      </input_file>
      <input_file id="fl-50">
         <path>C:\ti\ccs1000\ccs\tools\compiler\ti-cgt-msp430_20.2.0.LTS\lib\</path>
         <kind>archive</kind>
         <file>rts430x_lc_rd_eabi.lib</file>
         <name>int52.asm.obj</name>
      </input_file>
      <input_file id="fl-51">
         <path>C:\ti\ccs1000\ccs\tools\compiler\ti-cgt-msp430_20.2.0.LTS\lib\</path>
         <kind>archive</kind>
         <file>rts430x_lc_rd_eabi.lib</file>
         <name>int53.asm.obj</name>
      </input_file>
      <input_file id="fl-52">
         <path>C:\ti\ccs1000\ccs\tools\compiler\ti-cgt-msp430_20.2.0.LTS\lib\</path>
         <kind>archive</kind>
         <file>rts430x_lc_rd_eabi.lib</file>
         <name>int54.asm.obj</name>
      </input_file>
      <input_file id="fl-53">
         <path>C:\ti\ccs1000\ccs\tools\compiler\ti-cgt-msp430_20.2.0.LTS\lib\</path>
         <kind>archive</kind>
         <file>rts430x_lc_rd_eabi.lib</file>
         <name>copy_zero_init.c.obj</name>
      </input_file>
      <input_file id="fl-54">
         <path>C:\ti\ccs1000\ccs\tools\compiler\ti-cgt-msp430_20.2.0.LTS\lib\</path>
         <kind>archive</kind>
         <file>rts430x_lc_rd_eabi.lib</file>
         <name>addd.c.obj</name>
      </input_file>
      <input_file id="fl-55">
         <path>C:\ti\ccs1000\ccs\tools\compiler\ti-cgt-msp430_20.2.0.LTS\lib\</path>
         <kind>archive</kind>
         <file>rts430x_lc_rd_eabi.lib</file>
         <name>frcaddd.c.obj</name>
      </input_file>
      <input_file id="fl-56">
         <path>C:\ti\ccs1000\ccs\tools\compiler\ti-cgt-msp430_20.2.0.LTS\lib\</path>
         <kind>archive</kind>
         <file>rts430x_lc_rd_eabi.lib</file>
         <name>renormd.c.obj</name>
      </input_file>
      <input_file id="fl-57">
         <path>C:\ti\ccs1000\ccs\tools\compiler\ti-cgt-msp430_20.2.0.LTS\lib\</path>
         <kind>archive</kind>
         <file>rts430x_lc_rd_eabi.lib</file>
         <name>fs_add.asm.obj</name>
      </input_file>
      <input_file id="fl-58">
         <path>C:\ti\ccs1000\ccs\tools\compiler\ti-cgt-msp430_20.2.0.LTS\lib\</path>
         <kind>archive</kind>
         <file>rts430x_lc_rd_eabi.lib</file>
         <name>fs_cmp.asm.obj</name>
      </input_file>
      <input_file id="fl-59">
         <path>C:\ti\ccs1000\ccs\tools\compiler\ti-cgt-msp430_20.2.0.LTS\lib\</path>
         <kind>archive</kind>
         <file>rts430x_lc_rd_eabi.lib</file>
         <name>cvtdf.c.obj</name>
      </input_file>
      <input_file id="fl-5a">
         <path>C:\ti\ccs1000\ccs\tools\compiler\ti-cgt-msp430_20.2.0.LTS\lib\</path>
         <kind>archive</kind>
         <file>rts430x_lc_rd_eabi.lib</file>
         <name>fs_div.asm.obj</name>
      </input_file>
      <input_file id="fl-5b">
         <path>C:\ti\ccs1000\ccs\tools\compiler\ti-cgt-msp430_20.2.0.LTS\lib\</path>
         <kind>archive</kind>
         <file>rts430x_lc_rd_eabi.lib</file>
         <name>div32s.asm.obj</name>
      </input_file>
      <input_file id="fl-5c">
         <path>C:\ti\ccs1000\ccs\tools\compiler\ti-cgt-msp430_20.2.0.LTS\lib\</path>
         <kind>archive</kind>
         <file>rts430x_lc_rd_eabi.lib</file>
         <name>div32u.asm.obj</name>
      </input_file>
      <input_file id="fl-5d">
         <path>C:\ti\ccs1000\ccs\tools\compiler\ti-cgt-msp430_20.2.0.LTS\lib\</path>
         <kind>archive</kind>
         <file>rts430x_lc_rd_eabi.lib</file>
         <name>fs_tol.asm.obj</name>
      </input_file>
      <input_file id="fl-5e">
         <path>C:\ti\ccs1000\ccs\tools\compiler\ti-cgt-msp430_20.2.0.LTS\lib\</path>
         <kind>archive</kind>
         <file>rts430x_lc_rd_eabi.lib</file>
         <name>fs_itof.asm.obj</name>
      </input_file>
      <input_file id="fl-5f">
         <path>C:\ti\ccs1000\ccs\tools\compiler\ti-cgt-msp430_20.2.0.LTS\lib\</path>
         <kind>archive</kind>
         <file>rts430x_lc_rd_eabi.lib</file>
         <name>fltlid.c.obj</name>
      </input_file>
      <input_file id="fl-60">
         <path>C:\ti\ccs1000\ccs\tools\compiler\ti-cgt-msp430_20.2.0.LTS\lib\</path>
         <kind>archive</kind>
         <file>rts430x_lc_rd_eabi.lib</file>
         <name>fs_ltof.asm.obj</name>
      </input_file>
      <input_file id="fl-61">
         <path>C:\ti\ccs1000\ccs\tools\compiler\ti-cgt-msp430_20.2.0.LTS\lib\</path>
         <kind>archive</kind>
         <file>rts430x_lc_rd_eabi.lib</file>
         <name>fs_mpy.asm.obj</name>
      </input_file>
      <input_file id="fl-62">
         <path>C:\ti\ccs1000\ccs\tools\compiler\ti-cgt-msp430_20.2.0.LTS\lib\</path>
         <kind>archive</kind>
         <file>rts430x_lc_rd_eabi.lib</file>
         <name>mult16.asm.obj</name>
      </input_file>
      <input_file id="fl-63">
         <path>C:\ti\ccs1000\ccs\tools\compiler\ti-cgt-msp430_20.2.0.LTS\lib\</path>
         <kind>archive</kind>
         <file>rts430x_lc_rd_eabi.lib</file>
         <name>mult16_f5hw.asm.obj</name>
      </input_file>
      <input_file id="fl-64">
         <path>C:\ti\ccs1000\ccs\tools\compiler\ti-cgt-msp430_20.2.0.LTS\lib\</path>
         <kind>archive</kind>
         <file>rts430x_lc_rd_eabi.lib</file>
         <name>mult32_f5hw.asm.obj</name>
      </input_file>
      <input_file id="fl-65">
         <path>C:\ti\ccs1000\ccs\tools\compiler\ti-cgt-msp430_20.2.0.LTS\lib\</path>
         <kind>archive</kind>
         <file>rts430x_lc_rd_eabi.lib</file>
         <name>mult32.asm.obj</name>
      </input_file>
      <input_file id="fl-66">
         <path>C:\ti\ccs1000\ccs\tools\compiler\ti-cgt-msp430_20.2.0.LTS\lib\</path>
         <kind>archive</kind>
         <file>rts430x_lc_rd_eabi.lib</file>
         <name>mult64_f5hw.asm.obj</name>
      </input_file>
      <input_file id="fl-67">
         <path>C:\ti\ccs1000\ccs\tools\compiler\ti-cgt-msp430_20.2.0.LTS\lib\</path>
         <kind>archive</kind>
         <file>rts430x_lc_rd_eabi.lib</file>
         <name>mult1632_f5hw.asm.obj</name>
      </input_file>
      <input_file id="fl-68">
         <path>C:\ti\ccs1000\ccs\tools\compiler\ti-cgt-msp430_20.2.0.LTS\lib\</path>
         <kind>archive</kind>
         <file>rts430x_lc_rd_eabi.lib</file>
         <name>mult3264_f5hw.asm.obj</name>
      </input_file>
      <input_file id="fl-69">
         <path>C:\ti\ccs1000\ccs\tools\compiler\ti-cgt-msp430_20.2.0.LTS\lib\</path>
         <kind>archive</kind>
         <file>rts430x_lc_rd_eabi.lib</file>
         <name>fs_neg.asm.obj</name>
      </input_file>
      <input_file id="fl-6a">
         <path>C:\ti\ccs1000\ccs\tools\compiler\ti-cgt-msp430_20.2.0.LTS\lib\</path>
         <kind>archive</kind>
         <file>rts430x_lc_rd_eabi.lib</file>
         <name>lsl16.asm.obj</name>
      </input_file>
      <input_file id="fl-6b">
         <path>C:\ti\ccs1000\ccs\tools\compiler\ti-cgt-msp430_20.2.0.LTS\lib\</path>
         <kind>archive</kind>
         <file>rts430x_lc_rd_eabi.lib</file>
         <name>lsl32.asm.obj</name>
      </input_file>
      <input_file id="fl-6c">
         <path>C:\ti\ccs1000\ccs\tools\compiler\ti-cgt-msp430_20.2.0.LTS\lib\</path>
         <kind>archive</kind>
         <file>rts430x_lc_rd_eabi.lib</file>
         <name>asr32.asm.obj</name>
      </input_file>
      <input_file id="fl-6d">
         <path>C:\ti\ccs1000\ccs\tools\compiler\ti-cgt-msp430_20.2.0.LTS\lib\</path>
         <kind>archive</kind>
         <file>rts430x_lc_rd_eabi.lib</file>
         <name>lsr32.asm.obj</name>
      </input_file>
      <input_file id="fl-6e">
         <path>C:\ti\ccs1000\ccs\tools\compiler\ti-cgt-msp430_20.2.0.LTS\lib\</path>
         <kind>archive</kind>
         <file>rts430x_lc_rd_eabi.lib</file>
         <name>lsr64.c.obj</name>
      </input_file>
      <input_file id="fl-6f">
         <path>C:\ti\ccs1000\ccs\tools\compiler\ti-cgt-msp430_20.2.0.LTS\lib\</path>
         <kind>archive</kind>
         <file>rts430x_lc_rd_eabi.lib</file>
         <name>boot.c.obj</name>
      </input_file>
      <input_file id="fl-70">
         <path>C:\ti\ccs1000\ccs\tools\compiler\ti-cgt-msp430_20.2.0.LTS\lib\</path>
         <kind>archive</kind>
         <file>rts430x_lc_rd_eabi.lib</file>
         <name>mpu_init.c.obj</name>
      </input_file>
      <input_file id="fl-71">
         <path>C:\ti\ccs1000\ccs\tools\compiler\ti-cgt-msp430_20.2.0.LTS\lib\</path>
         <kind>archive</kind>
         <file>rts430x_lc_rd_eabi.lib</file>
         <name>args_main.c.obj</name>
      </input_file>
      <input_file id="fl-72">
         <path>C:\ti\ccs1000\ccs\tools\compiler\ti-cgt-msp430_20.2.0.LTS\lib\</path>
         <kind>archive</kind>
         <file>rts430x_lc_rd_eabi.lib</file>
         <name>autoinit.c.obj</name>
      </input_file>
      <input_file id="fl-73">
         <path>C:\ti\ccs1000\ccs\tools\compiler\ti-cgt-msp430_20.2.0.LTS\lib\</path>
         <kind>archive</kind>
         <file>rts430x_lc_rd_eabi.lib</file>
         <name>startup.c.obj</name>
      </input_file>
      <input_file id="fl-74">
         <path>C:\ti\ccs1000\ccs\tools\compiler\ti-cgt-msp430_20.2.0.LTS\lib\</path>
         <kind>archive</kind>
         <file>rts430x_lc_rd_eabi.lib</file>
         <name>pre_init.c.obj</name>
      </input_file>
      <input_file id="fl-75">
         <path>C:\ti\ccs1000\ccs\tools\compiler\ti-cgt-msp430_20.2.0.LTS\lib\</path>
         <kind>archive</kind>
         <file>rts430x_lc_rd_eabi.lib</file>
         <name>cpy_tbl.c.obj</name>
      </input_file>
      <input_file id="fl-76">
         <path>C:\ti\ccs1000\ccs\tools\compiler\ti-cgt-msp430_20.2.0.LTS\lib\</path>
         <kind>archive</kind>
         <file>rts430x_lc_rd_eabi.lib</file>
         <name>exit.c.obj</name>
      </input_file>
      <input_file id="fl-77">
         <path>C:\ti\ccs1000\ccs\tools\compiler\ti-cgt-msp430_20.2.0.LTS\lib\</path>
         <kind>archive</kind>
         <file>rts430x_lc_rd_eabi.lib</file>
         <name>exit_gvars.c.obj</name>
      </input_file>
      <input_file id="fl-78">
         <path>C:\ti\ccs1000\ccs\tools\compiler\ti-cgt-msp430_20.2.0.LTS\lib\</path>
         <kind>archive</kind>
         <file>rts430x_lc_rd_eabi.lib</file>
         <name>_lock.c.obj</name>
      </input_file>
      <input_file id="fl-79">
         <path>C:\ti\ccs1000\ccs\tools\compiler\ti-cgt-msp430_20.2.0.LTS\lib\</path>
         <kind>archive</kind>
         <file>rts430x_lc_rd_eabi.lib</file>
         <name>memcpy.c.obj</name>
      </input_file>
      <input_file id="fl-7a">
         <path>C:\ti\ccs1000\ccs\tools\compiler\ti-cgt-msp430_20.2.0.LTS\lib\</path>
         <kind>archive</kind>
         <file>rts430x_lc_rd_eabi.lib</file>
         <name>memset.c.obj</name>
      </input_file>
      <input_file id="fl-7b">
         <path>C:\ti\ccs1000\ccs\tools\compiler\ti-cgt-msp430_20.2.0.LTS\lib\</path>
         <kind>archive</kind>
         <file>rts430x_lc_rd_eabi.lib</file>
         <name>strncpy.c.obj</name>
      </input_file>
   </input_file_list>
   <object_component_list>
      <object_component id="oc-850">
         <name>.cinit..data.load</name>
         <load_address>0x4562</load_address>
         <run_address>0x4562</run_address>
         <size>0xf</size>
      </object_component>
      <object_component id="oc-84d">
         <name>__TI_handler_table</name>
         <load_address>0x4572</load_address>
         <run_address>0x4572</run_address>
         <size>0xc</size>
      </object_component>
      <object_component id="oc-84f">
         <name>.cinit..bss.load</name>
         <load_address>0x457e</load_address>
         <run_address>0x457e</run_address>
         <size>0x6</size>
      </object_component>
      <object_component id="oc-84e">
         <name>__TI_cinit_table</name>
         <load_address>0x4584</load_address>
         <run_address>0x4584</run_address>
         <size>0x10</size>
      </object_component>
      <object_component id="oc-7dd">
         <name>.binit</name>
         <load_address>0x4400</load_address>
         <run_address>0x4400</run_address>
         <size>0x0</size>
      </object_component>
      <object_component id="oc-5ef">
         <name>.const:.string</name>
         <load_address>0x4556</load_address>
         <run_address>0x4556</run_address>
         <size>0xa</size>
         <input_file_ref idref="fl-2"/>
      </object_component>
      <object_component id="oc-737">
         <name>.const</name>
         <load_address>0x4560</load_address>
         <run_address>0x4560</run_address>
         <size>0x1</size>
         <input_file_ref idref="fl-4"/>
      </object_component>
      <object_component id="oc-4e7">
         <name>.text:_isr:ADC12_ISR</name>
         <load_address>0x4400</load_address>
         <run_address>0x4400</run_address>
         <size>0x94</size>
         <input_file_ref idref="fl-5"/>
      </object_component>
      <object_component id="oc-4ed">
         <name>.text:_isr:UART_ISR</name>
         <load_address>0x4494</load_address>
         <run_address>0x4494</run_address>
         <size>0x54</size>
         <input_file_ref idref="fl-c"/>
      </object_component>
      <object_component id="oc-4e1">
         <name>.text:_isr:TIMER0_ISR</name>
         <load_address>0x44e8</load_address>
         <run_address>0x44e8</run_address>
         <size>0x3c</size>
         <input_file_ref idref="fl-b"/>
      </object_component>
      <object_component id="oc-505">
         <name>.text:_isr:_c_int00_noargs</name>
         <load_address>0x4524</load_address>
         <run_address>0x4524</run_address>
         <size>0x1c</size>
         <input_file_ref idref="fl-6f"/>
      </object_component>
      <object_component id="oc-4db">
         <name>.text:_isr:TIMER1_ISR</name>
         <load_address>0x4540</load_address>
         <run_address>0x4540</run_address>
         <size>0xe</size>
         <input_file_ref idref="fl-4"/>
      </object_component>
      <object_component id="oc-4d6">
         <name>.text:_isr:__TI_ISR_TRAP</name>
         <load_address>0x454e</load_address>
         <run_address>0x454e</run_address>
         <size>0x8</size>
         <input_file_ref idref="fl-3c"/>
      </object_component>
      <object_component id="oc-582">
         <name>.text:main</name>
         <load_address>0x10000</load_address>
         <run_address>0x10000</run_address>
         <size>0x408</size>
         <input_file_ref idref="fl-2"/>
      </object_component>
      <object_component id="oc-6f4">
         <name>.text:__mspabi_addd</name>
         <load_address>0x10408</load_address>
         <run_address>0x10408</run_address>
         <size>0x2e0</size>
         <input_file_ref idref="fl-54"/>
      </object_component>
      <object_component id="oc-76d">
         <name>.text:__TI_frcaddd</name>
         <load_address>0x106e8</load_address>
         <run_address>0x106e8</run_address>
         <size>0x248</size>
         <input_file_ref idref="fl-55"/>
      </object_component>
      <object_component id="oc-613">
         <name>.text</name>
         <load_address>0x10930</load_address>
         <run_address>0x10930</run_address>
         <size>0x132</size>
         <input_file_ref idref="fl-57"/>
      </object_component>
      <object_component id="oc-60e">
         <name>.text</name>
         <load_address>0x10a62</load_address>
         <run_address>0x10a62</run_address>
         <size>0xb8</size>
         <input_file_ref idref="fl-61"/>
      </object_component>
      <object_component id="oc-7bc">
         <name>.text:__TI_renormd</name>
         <load_address>0x10b1a</load_address>
         <run_address>0x10b1a</run_address>
         <size>0xb2</size>
         <input_file_ref idref="fl-56"/>
      </object_component>
      <object_component id="oc-6ee">
         <name>.text:__mspabi_fltlid</name>
         <load_address>0x10bcc</load_address>
         <run_address>0x10bcc</run_address>
         <size>0x9e</size>
         <input_file_ref idref="fl-5f"/>
      </object_component>
      <object_component id="oc-623">
         <name>.text</name>
         <load_address>0x10c6a</load_address>
         <run_address>0x10c6a</run_address>
         <size>0x90</size>
         <input_file_ref idref="fl-5a"/>
      </object_component>
      <object_component id="oc-6fa">
         <name>.text:__mspabi_cvtdf</name>
         <load_address>0x10cfa</load_address>
         <run_address>0x10cfa</run_address>
         <size>0x8c</size>
         <input_file_ref idref="fl-59"/>
      </object_component>
      <object_component id="oc-6e4">
         <name>.text</name>
         <load_address>0x10d86</load_address>
         <run_address>0x10d86</run_address>
         <size>0x7e</size>
         <input_file_ref idref="fl-5d"/>
      </object_component>
      <object_component id="oc-79">
         <name>.text:decompress:lzss:__TI_decompress_lzss</name>
         <load_address>0x10e04</load_address>
         <run_address>0x10e04</run_address>
         <size>0x76</size>
         <input_file_ref idref="fl-39"/>
      </object_component>
      <object_component id="oc-67e">
         <name>.text:gpio_init</name>
         <load_address>0x10e7a</load_address>
         <run_address>0x10e7a</run_address>
         <size>0x74</size>
         <input_file_ref idref="fl-7"/>
      </object_component>
      <object_component id="oc-62a">
         <name>.text:floor_op</name>
         <load_address>0x10eee</load_address>
         <run_address>0x10eee</run_address>
         <size>0x70</size>
         <input_file_ref idref="fl-4"/>
      </object_component>
      <object_component id="oc-5c0">
         <name>.text</name>
         <load_address>0x10f5e</load_address>
         <run_address>0x10f5e</run_address>
         <size>0x58</size>
         <input_file_ref idref="fl-5c"/>
      </object_component>
      <object_component id="oc-651">
         <name>.text:__TI_auto_init_nobinit_nopinit_hold_wdt:__TI_auto_init_nobinit_nopinit_hold_wdt</name>
         <load_address>0x10fb6</load_address>
         <run_address>0x10fb6</run_address>
         <size>0x54</size>
         <input_file_ref idref="fl-72"/>
      </object_component>
      <object_component id="oc-690">
         <name>.text:get_top_variables</name>
         <load_address>0x1100a</load_address>
         <run_address>0x1100a</run_address>
         <size>0x4c</size>
         <input_file_ref idref="fl-4"/>
      </object_component>
      <object_component id="oc-61e">
         <name>.text</name>
         <load_address>0x11056</load_address>
         <run_address>0x11056</run_address>
         <size>0x4a</size>
         <input_file_ref idref="fl-58"/>
      </object_component>
      <object_component id="oc-6e9">
         <name>.text</name>
         <load_address>0x110a0</load_address>
         <run_address>0x110a0</run_address>
         <size>0x4a</size>
         <input_file_ref idref="fl-60"/>
      </object_component>
      <object_component id="oc-5e9">
         <name>.text:uart_read</name>
         <load_address>0x110ea</load_address>
         <run_address>0x110ea</run_address>
         <size>0x4a</size>
         <input_file_ref idref="fl-c"/>
      </object_component>
      <object_component id="oc-6c0">
         <name>.text:spi_write</name>
         <load_address>0x11134</load_address>
         <run_address>0x11134</run_address>
         <size>0x46</size>
         <input_file_ref idref="fl-a"/>
      </object_component>
      <object_component id="oc-565">
         <name>.text</name>
         <load_address>0x1117a</load_address>
         <run_address>0x1117a</run_address>
         <size>0x40</size>
         <input_file_ref idref="fl-5b"/>
      </object_component>
      <object_component id="oc-75c">
         <name>.text:l_lsl_const</name>
         <load_address>0x111ba</load_address>
         <run_address>0x111ba</run_address>
         <size>0x3e</size>
         <input_file_ref idref="fl-6b"/>
      </object_component>
      <object_component id="oc-761">
         <name>.text:l_lsr_const</name>
         <load_address>0x111f8</load_address>
         <run_address>0x111f8</run_address>
         <size>0x3e</size>
         <input_file_ref idref="fl-6d"/>
      </object_component>
      <object_component id="oc-68a">
         <name>.text:timerA_init</name>
         <load_address>0x11236</load_address>
         <run_address>0x11236</run_address>
         <size>0x3e</size>
         <input_file_ref idref="fl-b"/>
      </object_component>
      <object_component id="oc-5fc">
         <name>.text:au20xx_read_reg</name>
         <load_address>0x11274</load_address>
         <run_address>0x11274</run_address>
         <size>0x36</size>
         <input_file_ref idref="fl-3"/>
      </object_component>
      <object_component id="oc-608">
         <name>.text</name>
         <load_address>0x112aa</load_address>
         <run_address>0x112aa</run_address>
         <size>0x36</size>
         <input_file_ref idref="fl-5e"/>
      </object_component>
      <object_component id="oc-6c8">
         <name>.text:spi_read</name>
         <load_address>0x112e0</load_address>
         <run_address>0x112e0</run_address>
         <size>0x34</size>
         <input_file_ref idref="fl-a"/>
      </object_component>
      <object_component id="oc-6a4">
         <name>.text:strncpy</name>
         <load_address>0x11314</load_address>
         <run_address>0x11314</run_address>
         <size>0x32</size>
         <input_file_ref idref="fl-7b"/>
      </object_component>
      <object_component id="oc-5da">
         <name>.text:uart_init</name>
         <load_address>0x11346</load_address>
         <run_address>0x11346</run_address>
         <size>0x2c</size>
         <input_file_ref idref="fl-c"/>
      </object_component>
      <object_component id="oc-5f6">
         <name>.text:sensEn_delay_us</name>
         <load_address>0x11372</load_address>
         <run_address>0x11372</run_address>
         <size>0x2a</size>
         <input_file_ref idref="fl-4"/>
      </object_component>
      <object_component id="oc-5d1">
         <name>.text:aura_hw_init</name>
         <load_address>0x1139c</load_address>
         <run_address>0x1139c</run_address>
         <size>0x28</size>
         <input_file_ref idref="fl-2"/>
      </object_component>
      <object_component id="oc-5e0">
         <name>.text:timerA0_load_time</name>
         <load_address>0x113c4</load_address>
         <run_address>0x113c4</run_address>
         <size>0x28</size>
         <input_file_ref idref="fl-b"/>
      </object_component>
      <object_component id="oc-678">
         <name>.text:system_clock_init</name>
         <load_address>0x113ec</load_address>
         <run_address>0x113ec</run_address>
         <size>0x26</size>
         <input_file_ref idref="fl-8"/>
      </object_component>
      <object_component id="oc-618">
         <name>.text:absolute</name>
         <load_address>0x11412</load_address>
         <run_address>0x11412</run_address>
         <size>0x24</size>
         <input_file_ref idref="fl-4"/>
      </object_component>
      <object_component id="oc-4f3">
         <name>.text:decompress:ZI:__TI_zero_init_nomemset:__TI_zero_init_nomemset</name>
         <load_address>0x11436</load_address>
         <run_address>0x11436</run_address>
         <size>0x24</size>
         <input_file_ref idref="fl-53"/>
      </object_component>
      <object_component id="oc-55b">
         <name>.text</name>
         <load_address>0x1145a</load_address>
         <run_address>0x1145a</run_address>
         <size>0x24</size>
         <input_file_ref idref="fl-64"/>
      </object_component>
      <object_component id="oc-750">
         <name>.text:spi_byte_read</name>
         <load_address>0x1147e</load_address>
         <run_address>0x1147e</run_address>
         <size>0x22</size>
         <input_file_ref idref="fl-a"/>
      </object_component>
      <object_component id="oc-684">
         <name>.text:spi_init</name>
         <load_address>0x114a0</load_address>
         <run_address>0x114a0</run_address>
         <size>0x20</size>
         <input_file_ref idref="fl-a"/>
      </object_component>
      <object_component id="oc-5f0">
         <name>.text:uart_send</name>
         <load_address>0x114c0</load_address>
         <run_address>0x114c0</run_address>
         <size>0x1e</size>
         <input_file_ref idref="fl-c"/>
      </object_component>
      <object_component id="oc-6c6">
         <name>.text:delay_us</name>
         <load_address>0x114de</load_address>
         <run_address>0x114de</run_address>
         <size>0x18</size>
         <input_file_ref idref="fl-4"/>
      </object_component>
      <object_component id="oc-560">
         <name>.text</name>
         <load_address>0x114f6</load_address>
         <run_address>0x114f6</run_address>
         <size>0x18</size>
         <input_file_ref idref="fl-63"/>
      </object_component>
      <object_component id="oc-748">
         <name>.text:spi_byte_write</name>
         <load_address>0x1150e</load_address>
         <run_address>0x1150e</run_address>
         <size>0x18</size>
         <input_file_ref idref="fl-a"/>
      </object_component>
      <object_component id="oc-69e">
         <name>.text:memset</name>
         <load_address>0x11526</load_address>
         <run_address>0x11526</run_address>
         <size>0x16</size>
         <input_file_ref idref="fl-7a"/>
      </object_component>
      <object_component id="oc-6ac">
         <name>.text:timerA1_load_time</name>
         <load_address>0x1153c</load_address>
         <run_address>0x1153c</run_address>
         <size>0x16</size>
         <input_file_ref idref="fl-b"/>
      </object_component>
      <object_component id="oc-4c9">
         <name>.text:memcpy</name>
         <load_address>0x11552</load_address>
         <run_address>0x11552</run_address>
         <size>0x14</size>
         <input_file_ref idref="fl-79"/>
      </object_component>
      <object_component id="oc-7f">
         <name>.text:decompress:none:__TI_decompress_none</name>
         <load_address>0x11566</load_address>
         <run_address>0x11566</run_address>
         <size>0x12</size>
         <input_file_ref idref="fl-3a"/>
      </object_component>
      <object_component id="oc-7b7">
         <name>.text:l_asr</name>
         <load_address>0x11578</load_address>
         <run_address>0x11578</run_address>
         <size>0x10</size>
         <input_file_ref idref="fl-6c"/>
      </object_component>
      <object_component id="oc-7ad">
         <name>.text:l_lsl</name>
         <load_address>0x11588</load_address>
         <run_address>0x11588</run_address>
         <size>0x10</size>
         <input_file_ref idref="fl-6b"/>
      </object_component>
      <object_component id="oc-7b2">
         <name>.text:l_lsr</name>
         <load_address>0x11598</load_address>
         <run_address>0x11598</run_address>
         <size>0x10</size>
         <input_file_ref idref="fl-6d"/>
      </object_component>
      <object_component id="oc-6dc">
         <name>.text</name>
         <load_address>0x115a8</load_address>
         <run_address>0x115a8</run_address>
         <size>0xa</size>
         <input_file_ref idref="fl-69"/>
      </object_component>
      <object_component id="oc-62d">
         <name>.text:abort</name>
         <load_address>0x115b2</load_address>
         <run_address>0x115b2</run_address>
         <size>0x6</size>
         <input_file_ref idref="fl-76"/>
      </object_component>
      <object_component id="oc-57c">
         <name>.text:_system_pre_init</name>
         <load_address>0x115b8</load_address>
         <run_address>0x115b8</run_address>
         <size>0x4</size>
         <input_file_ref idref="fl-74"/>
      </object_component>
      <object_component id="oc-712">
         <name>.text:_system_post_cinit</name>
         <load_address>0x115bc</load_address>
         <run_address>0x115bc</run_address>
         <size>0x2</size>
         <input_file_ref idref="fl-73"/>
      </object_component>
      <object_component id="oc-5e6">
         <name>.bss:uart_top_variable</name>
         <uninitialized>true</uninitialized>
         <run_address>0x1c64</run_address>
         <size>0x64</size>
         <input_file_ref idref="fl-2"/>
      </object_component>
      <object_component id="oc-605">
         <name>.bss</name>
         <uninitialized>true</uninitialized>
         <run_address>0x1d04</run_address>
         <size>0x2</size>
         <input_file_ref idref="fl-2"/>
      </object_component>
      <object_component id="oc-555">
         <name>.bss</name>
         <uninitialized>true</uninitialized>
         <run_address>0x1cec</run_address>
         <size>0x7</size>
         <input_file_ref idref="fl-5"/>
      </object_component>
      <object_component id="oc-747">
         <name>.bss</name>
         <uninitialized>true</uninitialized>
         <run_address>0x1ce0</run_address>
         <size>0xc</size>
         <input_file_ref idref="fl-a"/>
      </object_component>
      <object_component id="oc-570">
         <name>.bss:uart_rx_buffer</name>
         <uninitialized>true</uninitialized>
         <run_address>0x1c00</run_address>
         <size>0x64</size>
         <input_file_ref idref="fl-c"/>
      </object_component>
      <object_component id="oc-69d">
         <name>.bss</name>
         <uninitialized>true</uninitialized>
         <run_address>0x1d02</run_address>
         <size>0x2</size>
         <input_file_ref idref="fl-c"/>
      </object_component>
      <object_component id="oc-602">
         <name>.common:offset_reg_values</name>
         <uninitialized>true</uninitialized>
         <run_address>0x1cf4</run_address>
         <size>0x6</size>
      </object_component>
      <object_component id="oc-60d">
         <name>.common:system_settings</name>
         <uninitialized>true</uninitialized>
         <run_address>0x1cc8</run_address>
         <size>0x18</size>
      </object_component>
      <object_component id="oc-628">
         <name>.common:delta_XC</name>
         <uninitialized>true</uninitialized>
         <run_address>0x1cfa</run_address>
         <size>0x4</size>
      </object_component>
      <object_component id="oc-629">
         <name>.common:delta_YC</name>
         <uninitialized>true</uninitialized>
         <run_address>0x1cfe</run_address>
         <size>0x4</size>
      </object_component>
      <object_component id="oc-5d7">
         <name>.data</name>
         <load_address>0x1d06</load_address>
         <run_address>0x1d06</run_address>
         <size>0x48</size>
         <input_file_ref idref="fl-2"/>
      </object_component>
      <object_component id="oc-6b3">
         <name>.data</name>
         <load_address>0x1d6e</load_address>
         <run_address>0x1d6e</run_address>
         <size>0x7</size>
         <input_file_ref idref="fl-3"/>
      </object_component>
      <object_component id="oc-541">
         <name>.data</name>
         <load_address>0x1d4e</load_address>
         <run_address>0x1d4e</run_address>
         <size>0xe</size>
         <input_file_ref idref="fl-4"/>
      </object_component>
      <object_component id="oc-54e">
         <name>.data</name>
         <load_address>0x1d76</load_address>
         <run_address>0x1d76</run_address>
         <size>0x4</size>
         <input_file_ref idref="fl-5"/>
      </object_component>
      <object_component id="oc-54b">
         <name>.data</name>
         <load_address>0x1d5c</load_address>
         <run_address>0x1d5c</run_address>
         <size>0xa</size>
         <input_file_ref idref="fl-b"/>
      </object_component>
      <object_component id="oc-551">
         <name>.data</name>
         <load_address>0x1d66</load_address>
         <run_address>0x1d66</run_address>
         <size>0x8</size>
         <input_file_ref idref="fl-c"/>
      </object_component>
      <object_component id="oc-4ba">
         <name>.stack</name>
         <uninitialized>true</uninitialized>
         <run_address>0x2360</run_address>
         <size>0x4</size>
         <input_file_ref idref="fl-6f"/>
      </object_component>
      <object_component id="oc-851">
         <name>.stack</name>
         <uninitialized>true</uninitialized>
         <run_address>0x2360</run_address>
         <size>0x0</size>
      </object_component>
      <object_component id="oc-85">
         <name>.int27</name>
         <load_address>0xffc6</load_address>
         <run_address>0xffc6</run_address>
         <size>0x2</size>
         <input_file_ref idref="fl-3b"/>
      </object_component>
      <object_component id="oc-86">
         <name>.int28</name>
         <load_address>0xffc8</load_address>
         <run_address>0xffc8</run_address>
         <size>0x2</size>
         <input_file_ref idref="fl-3d"/>
      </object_component>
      <object_component id="oc-87">
         <name>.int29</name>
         <load_address>0xffca</load_address>
         <run_address>0xffca</run_address>
         <size>0x2</size>
         <input_file_ref idref="fl-3e"/>
      </object_component>
      <object_component id="oc-88">
         <name>.int30</name>
         <load_address>0xffcc</load_address>
         <run_address>0xffcc</run_address>
         <size>0x2</size>
         <input_file_ref idref="fl-3f"/>
      </object_component>
      <object_component id="oc-89">
         <name>.int31</name>
         <load_address>0xffce</load_address>
         <run_address>0xffce</run_address>
         <size>0x2</size>
         <input_file_ref idref="fl-40"/>
      </object_component>
      <object_component id="oc-8a">
         <name>.int32</name>
         <load_address>0xffd0</load_address>
         <run_address>0xffd0</run_address>
         <size>0x2</size>
         <input_file_ref idref="fl-41"/>
      </object_component>
      <object_component id="oc-8b">
         <name>.int33</name>
         <load_address>0xffd2</load_address>
         <run_address>0xffd2</run_address>
         <size>0x2</size>
         <input_file_ref idref="fl-42"/>
      </object_component>
      <object_component id="oc-8c">
         <name>.int34</name>
         <load_address>0xffd4</load_address>
         <run_address>0xffd4</run_address>
         <size>0x2</size>
         <input_file_ref idref="fl-43"/>
      </object_component>
      <object_component id="oc-8d">
         <name>.int35</name>
         <load_address>0xffd6</load_address>
         <run_address>0xffd6</run_address>
         <size>0x2</size>
         <input_file_ref idref="fl-44"/>
      </object_component>
      <object_component id="oc-8e">
         <name>.int36</name>
         <load_address>0xffd8</load_address>
         <run_address>0xffd8</run_address>
         <size>0x2</size>
         <input_file_ref idref="fl-45"/>
      </object_component>
      <object_component id="oc-8f">
         <name>.int37</name>
         <load_address>0xffda</load_address>
         <run_address>0xffda</run_address>
         <size>0x2</size>
         <input_file_ref idref="fl-46"/>
      </object_component>
      <object_component id="oc-90">
         <name>.int38</name>
         <load_address>0xffdc</load_address>
         <run_address>0xffdc</run_address>
         <size>0x2</size>
         <input_file_ref idref="fl-47"/>
      </object_component>
      <object_component id="oc-91">
         <name>.int39</name>
         <load_address>0xffde</load_address>
         <run_address>0xffde</run_address>
         <size>0x2</size>
         <input_file_ref idref="fl-4"/>
      </object_component>
      <object_component id="oc-92">
         <name>.int40</name>
         <load_address>0xffe0</load_address>
         <run_address>0xffe0</run_address>
         <size>0x2</size>
         <input_file_ref idref="fl-48"/>
      </object_component>
      <object_component id="oc-93">
         <name>.int41</name>
         <load_address>0xffe2</load_address>
         <run_address>0xffe2</run_address>
         <size>0x2</size>
         <input_file_ref idref="fl-49"/>
      </object_component>
      <object_component id="oc-94">
         <name>.int42</name>
         <load_address>0xffe4</load_address>
         <run_address>0xffe4</run_address>
         <size>0x2</size>
         <input_file_ref idref="fl-4a"/>
      </object_component>
      <object_component id="oc-95">
         <name>.int43</name>
         <load_address>0xffe6</load_address>
         <run_address>0xffe6</run_address>
         <size>0x2</size>
         <input_file_ref idref="fl-4b"/>
      </object_component>
      <object_component id="oc-96">
         <name>.int44</name>
         <load_address>0xffe8</load_address>
         <run_address>0xffe8</run_address>
         <size>0x2</size>
         <input_file_ref idref="fl-b"/>
      </object_component>
      <object_component id="oc-97">
         <name>.int45</name>
         <load_address>0xffea</load_address>
         <run_address>0xffea</run_address>
         <size>0x2</size>
         <input_file_ref idref="fl-5"/>
      </object_component>
      <object_component id="oc-98">
         <name>.int46</name>
         <load_address>0xffec</load_address>
         <run_address>0xffec</run_address>
         <size>0x2</size>
         <input_file_ref idref="fl-4c"/>
      </object_component>
      <object_component id="oc-99">
         <name>.int47</name>
         <load_address>0xffee</load_address>
         <run_address>0xffee</run_address>
         <size>0x2</size>
         <input_file_ref idref="fl-c"/>
      </object_component>
      <object_component id="oc-9a">
         <name>.int49</name>
         <load_address>0xfff2</load_address>
         <run_address>0xfff2</run_address>
         <size>0x2</size>
         <input_file_ref idref="fl-4d"/>
      </object_component>
      <object_component id="oc-9b">
         <name>.int50</name>
         <load_address>0xfff4</load_address>
         <run_address>0xfff4</run_address>
         <size>0x2</size>
         <input_file_ref idref="fl-4e"/>
      </object_component>
      <object_component id="oc-9c">
         <name>.int51</name>
         <load_address>0xfff6</load_address>
         <run_address>0xfff6</run_address>
         <size>0x2</size>
         <input_file_ref idref="fl-4f"/>
      </object_component>
      <object_component id="oc-9d">
         <name>.int52</name>
         <load_address>0xfff8</load_address>
         <run_address>0xfff8</run_address>
         <size>0x2</size>
         <input_file_ref idref="fl-50"/>
      </object_component>
      <object_component id="oc-9e">
         <name>.int53</name>
         <load_address>0xfffa</load_address>
         <run_address>0xfffa</run_address>
         <size>0x2</size>
         <input_file_ref idref="fl-51"/>
      </object_component>
      <object_component id="oc-9f">
         <name>.int54</name>
         <load_address>0xfffc</load_address>
         <run_address>0xfffc</run_address>
         <size>0x2</size>
         <input_file_ref idref="fl-52"/>
      </object_component>
      <object_component id="oc-4bd">
         <name>.reset</name>
         <load_address>0xfffe</load_address>
         <run_address>0xfffe</run_address>
         <size>0x2</size>
         <input_file_ref idref="fl-6f"/>
      </object_component>
      <object_component id="oc-603">
         <name>.debug_info</name>
         <load_address>0x0</load_address>
         <run_address>0x0</run_address>
         <size>0x51e</size>
         <input_file_ref idref="fl-2"/>
      </object_component>
      <object_component id="oc-5d8">
         <name>.debug_info</name>
         <load_address>0x51e</load_address>
         <run_address>0x51e</run_address>
         <size>0x44f</size>
         <input_file_ref idref="fl-2"/>
      </object_component>
      <object_component id="oc-5e7">
         <name>.debug_info</name>
         <load_address>0x96d</load_address>
         <run_address>0x96d</run_address>
         <size>0xdc</size>
         <input_file_ref idref="fl-2"/>
      </object_component>
      <object_component id="oc-606">
         <name>.debug_info</name>
         <load_address>0xa49</load_address>
         <run_address>0xa49</run_address>
         <size>0xee</size>
         <input_file_ref idref="fl-2"/>
      </object_component>
      <object_component id="oc-5d3">
         <name>.debug_info</name>
         <load_address>0xb37</load_address>
         <run_address>0xb37</run_address>
         <size>0x176</size>
         <input_file_ref idref="fl-2"/>
      </object_component>
      <object_component id="oc-584">
         <name>.debug_info</name>
         <load_address>0xcad</load_address>
         <run_address>0xcad</run_address>
         <size>0x47d</size>
         <input_file_ref idref="fl-2"/>
      </object_component>
      <object_component id="oc-6d2">
         <name>.debug_info</name>
         <load_address>0x112a</load_address>
         <run_address>0x112a</run_address>
         <size>0x112</size>
         <input_file_ref idref="fl-2"/>
      </object_component>
      <object_component id="oc-66e">
         <name>.debug_info</name>
         <load_address>0x123c</load_address>
         <run_address>0x123c</run_address>
         <size>0x26b</size>
         <input_file_ref idref="fl-2"/>
      </object_component>
      <object_component id="oc-5a7">
         <name>.debug_info</name>
         <load_address>0x14a7</load_address>
         <run_address>0x14a7</run_address>
         <size>0x8b</size>
         <input_file_ref idref="fl-2"/>
      </object_component>
      <object_component id="oc-5c6">
         <name>.debug_info</name>
         <load_address>0x1532</load_address>
         <run_address>0x1532</run_address>
         <size>0x282</size>
         <input_file_ref idref="fl-2"/>
      </object_component>
      <object_component id="oc-56b">
         <name>.debug_info</name>
         <load_address>0x17b4</load_address>
         <run_address>0x17b4</run_address>
         <size>0xbb</size>
         <input_file_ref idref="fl-2"/>
      </object_component>
      <object_component id="oc-6cf">
         <name>.debug_info</name>
         <load_address>0x186f</load_address>
         <run_address>0x186f</run_address>
         <size>0x254</size>
         <input_file_ref idref="fl-3"/>
      </object_component>
      <object_component id="oc-6b4">
         <name>.debug_info</name>
         <load_address>0x1ac3</load_address>
         <run_address>0x1ac3</run_address>
         <size>0x1e3</size>
         <input_file_ref idref="fl-3"/>
      </object_component>
      <object_component id="oc-6b7">
         <name>.debug_info</name>
         <load_address>0x1ca6</load_address>
         <run_address>0x1ca6</run_address>
         <size>0x199</size>
         <input_file_ref idref="fl-3"/>
      </object_component>
      <object_component id="oc-5fd">
         <name>.debug_info</name>
         <load_address>0x1e3f</load_address>
         <run_address>0x1e3f</run_address>
         <size>0x1f0</size>
         <input_file_ref idref="fl-3"/>
      </object_component>
      <object_component id="oc-6ba">
         <name>.debug_info</name>
         <load_address>0x202f</load_address>
         <run_address>0x202f</run_address>
         <size>0x182</size>
         <input_file_ref idref="fl-3"/>
      </object_component>
      <object_component id="oc-6bd">
         <name>.debug_info</name>
         <load_address>0x21b1</load_address>
         <run_address>0x21b1</run_address>
         <size>0x2a6</size>
         <input_file_ref idref="fl-3"/>
      </object_component>
      <object_component id="oc-739">
         <name>.debug_info</name>
         <load_address>0x2457</load_address>
         <run_address>0x2457</run_address>
         <size>0x26e</size>
         <input_file_ref idref="fl-4"/>
      </object_component>
      <object_component id="oc-548">
         <name>.debug_info</name>
         <load_address>0x26c5</load_address>
         <run_address>0x26c5</run_address>
         <size>0x119</size>
         <input_file_ref idref="fl-4"/>
      </object_component>
      <object_component id="oc-5f7">
         <name>.debug_info</name>
         <load_address>0x27de</load_address>
         <run_address>0x27de</run_address>
         <size>0x166</size>
         <input_file_ref idref="fl-4"/>
      </object_component>
      <object_component id="oc-692">
         <name>.debug_info</name>
         <load_address>0x2944</load_address>
         <run_address>0x2944</run_address>
         <size>0x180</size>
         <input_file_ref idref="fl-4"/>
      </object_component>
      <object_component id="oc-542">
         <name>.debug_info</name>
         <load_address>0x2ac4</load_address>
         <run_address>0x2ac4</run_address>
         <size>0x21a</size>
         <input_file_ref idref="fl-4"/>
      </object_component>
      <object_component id="oc-545">
         <name>.debug_info</name>
         <load_address>0x2cde</load_address>
         <run_address>0x2cde</run_address>
         <size>0x163</size>
         <input_file_ref idref="fl-4"/>
      </object_component>
      <object_component id="oc-619">
         <name>.debug_info</name>
         <load_address>0x2e41</load_address>
         <run_address>0x2e41</run_address>
         <size>0x16f</size>
         <input_file_ref idref="fl-4"/>
      </object_component>
      <object_component id="oc-4dd">
         <name>.debug_info</name>
         <load_address>0x2fb0</load_address>
         <run_address>0x2fb0</run_address>
         <size>0x118</size>
         <input_file_ref idref="fl-4"/>
      </object_component>
      <object_component id="oc-5b7">
         <name>.debug_info</name>
         <load_address>0x30c8</load_address>
         <run_address>0x30c8</run_address>
         <size>0x319</size>
         <input_file_ref idref="fl-5"/>
      </object_component>
      <object_component id="oc-556">
         <name>.debug_info</name>
         <load_address>0x33e1</load_address>
         <run_address>0x33e1</run_address>
         <size>0x110</size>
         <input_file_ref idref="fl-5"/>
      </object_component>
      <object_component id="oc-54f">
         <name>.debug_info</name>
         <load_address>0x34f1</load_address>
         <run_address>0x34f1</run_address>
         <size>0xeb</size>
         <input_file_ref idref="fl-5"/>
      </object_component>
      <object_component id="oc-558">
         <name>.debug_info</name>
         <load_address>0x35dc</load_address>
         <run_address>0x35dc</run_address>
         <size>0x189</size>
         <input_file_ref idref="fl-5"/>
      </object_component>
      <object_component id="oc-4e8">
         <name>.debug_info</name>
         <load_address>0x3765</load_address>
         <run_address>0x3765</run_address>
         <size>0x180</size>
         <input_file_ref idref="fl-5"/>
      </object_component>
      <object_component id="oc-681">
         <name>.debug_info</name>
         <load_address>0x38e5</load_address>
         <run_address>0x38e5</run_address>
         <size>0x118</size>
         <input_file_ref idref="fl-7"/>
      </object_component>
      <object_component id="oc-4c4">
         <name>.debug_info</name>
         <load_address>0x39fd</load_address>
         <run_address>0x39fd</run_address>
         <size>0x84</size>
         <input_file_ref idref="fl-7"/>
      </object_component>
      <object_component id="oc-679">
         <name>.debug_info</name>
         <load_address>0x3a81</load_address>
         <run_address>0x3a81</run_address>
         <size>0x125</size>
         <input_file_ref idref="fl-8"/>
      </object_component>
      <object_component id="oc-74f">
         <name>.debug_info</name>
         <load_address>0x3ba6</load_address>
         <run_address>0x3ba6</run_address>
         <size>0x272</size>
         <input_file_ref idref="fl-a"/>
      </object_component>
      <object_component id="oc-74c">
         <name>.debug_info</name>
         <load_address>0x3e18</load_address>
         <run_address>0x3e18</run_address>
         <size>0x140</size>
         <input_file_ref idref="fl-a"/>
      </object_component>
      <object_component id="oc-6c1">
         <name>.debug_info</name>
         <load_address>0x3f58</load_address>
         <run_address>0x3f58</run_address>
         <size>0x1d4</size>
         <input_file_ref idref="fl-a"/>
      </object_component>
      <object_component id="oc-752">
         <name>.debug_info</name>
         <load_address>0x412c</load_address>
         <run_address>0x412c</run_address>
         <size>0x120</size>
         <input_file_ref idref="fl-a"/>
      </object_component>
      <object_component id="oc-6ca">
         <name>.debug_info</name>
         <load_address>0x424c</load_address>
         <run_address>0x424c</run_address>
         <size>0x1c2</size>
         <input_file_ref idref="fl-a"/>
      </object_component>
      <object_component id="oc-685">
         <name>.debug_info</name>
         <load_address>0x440e</load_address>
         <run_address>0x440e</run_address>
         <size>0x113</size>
         <input_file_ref idref="fl-a"/>
      </object_component>
      <object_component id="oc-5b4">
         <name>.debug_info</name>
         <load_address>0x4521</load_address>
         <run_address>0x4521</run_address>
         <size>0x353</size>
         <input_file_ref idref="fl-b"/>
      </object_component>
      <object_component id="oc-54c">
         <name>.debug_info</name>
         <load_address>0x4874</load_address>
         <run_address>0x4874</run_address>
         <size>0x174</size>
         <input_file_ref idref="fl-b"/>
      </object_component>
      <object_component id="oc-68c">
         <name>.debug_info</name>
         <load_address>0x49e8</load_address>
         <run_address>0x49e8</run_address>
         <size>0x122</size>
         <input_file_ref idref="fl-b"/>
      </object_component>
      <object_component id="oc-6ae">
         <name>.debug_info</name>
         <load_address>0x4b0a</load_address>
         <run_address>0x4b0a</run_address>
         <size>0x154</size>
         <input_file_ref idref="fl-b"/>
      </object_component>
      <object_component id="oc-5e2">
         <name>.debug_info</name>
         <load_address>0x4c5e</load_address>
         <run_address>0x4c5e</run_address>
         <size>0x178</size>
         <input_file_ref idref="fl-b"/>
      </object_component>
      <object_component id="oc-4e3">
         <name>.debug_info</name>
         <load_address>0x4dd6</load_address>
         <run_address>0x4dd6</run_address>
         <size>0x124</size>
         <input_file_ref idref="fl-b"/>
      </object_component>
      <object_component id="oc-5cd">
         <name>.debug_info</name>
         <load_address>0x4efa</load_address>
         <run_address>0x4efa</run_address>
         <size>0x306</size>
         <input_file_ref idref="fl-c"/>
      </object_component>
      <object_component id="oc-552">
         <name>.debug_info</name>
         <load_address>0x5200</load_address>
         <run_address>0x5200</run_address>
         <size>0x171</size>
         <input_file_ref idref="fl-c"/>
      </object_component>
      <object_component id="oc-571">
         <name>.debug_info</name>
         <load_address>0x5371</load_address>
         <run_address>0x5371</run_address>
         <size>0xe1</size>
         <input_file_ref idref="fl-c"/>
      </object_component>
      <object_component id="oc-5f2">
         <name>.debug_info</name>
         <load_address>0x5452</load_address>
         <run_address>0x5452</run_address>
         <size>0x185</size>
         <input_file_ref idref="fl-c"/>
      </object_component>
      <object_component id="oc-5ed">
         <name>.debug_info</name>
         <load_address>0x55d7</load_address>
         <run_address>0x55d7</run_address>
         <size>0x189</size>
         <input_file_ref idref="fl-c"/>
      </object_component>
      <object_component id="oc-5de">
         <name>.debug_info</name>
         <load_address>0x5760</load_address>
         <run_address>0x5760</run_address>
         <size>0x118</size>
         <input_file_ref idref="fl-c"/>
      </object_component>
      <object_component id="oc-4ef">
         <name>.debug_info</name>
         <load_address>0x5878</load_address>
         <run_address>0x5878</run_address>
         <size>0x118</size>
         <input_file_ref idref="fl-c"/>
      </object_component>
      <object_component id="oc-539">
         <name>.debug_info</name>
         <load_address>0x5990</load_address>
         <run_address>0x5990</run_address>
         <size>0x2c</size>
         <input_file_ref idref="fl-c"/>
      </object_component>
      <object_component id="oc-536">
         <name>.debug_info</name>
         <load_address>0x59bc</load_address>
         <run_address>0x59bc</run_address>
         <size>0x17b</size>
         <input_file_ref idref="fl-39"/>
      </object_component>
      <object_component id="oc-7c">
         <name>.debug_info</name>
         <load_address>0x5b37</load_address>
         <run_address>0x5b37</run_address>
         <size>0x250</size>
         <input_file_ref idref="fl-39"/>
      </object_component>
      <object_component id="oc-4bf">
         <name>.debug_info</name>
         <load_address>0x5d87</load_address>
         <run_address>0x5d87</run_address>
         <size>0x60</size>
         <input_file_ref idref="fl-39"/>
      </object_component>
      <object_component id="oc-59e">
         <name>.debug_info</name>
         <load_address>0x5de7</load_address>
         <run_address>0x5de7</run_address>
         <size>0x46</size>
         <input_file_ref idref="fl-39"/>
      </object_component>
      <object_component id="oc-531">
         <name>.debug_info</name>
         <load_address>0x5e2d</load_address>
         <run_address>0x5e2d</run_address>
         <size>0x39</size>
         <input_file_ref idref="fl-39"/>
      </object_component>
      <object_component id="oc-4d5">
         <name>.debug_info</name>
         <load_address>0x5e66</load_address>
         <run_address>0x5e66</run_address>
         <size>0x18f</size>
         <input_file_ref idref="fl-3a"/>
      </object_component>
      <object_component id="oc-81">
         <name>.debug_info</name>
         <load_address>0x5ff5</load_address>
         <run_address>0x5ff5</run_address>
         <size>0x1d3</size>
         <input_file_ref idref="fl-3a"/>
      </object_component>
      <object_component id="oc-4d0">
         <name>.debug_info</name>
         <load_address>0x61c8</load_address>
         <run_address>0x61c8</run_address>
         <size>0x46</size>
         <input_file_ref idref="fl-3a"/>
      </object_component>
      <object_component id="oc-4d7">
         <name>.debug_info</name>
         <load_address>0x620e</load_address>
         <run_address>0x620e</run_address>
         <size>0x10f</size>
         <input_file_ref idref="fl-3c"/>
      </object_component>
      <object_component id="oc-57a">
         <name>.debug_info</name>
         <load_address>0x631d</load_address>
         <run_address>0x631d</run_address>
         <size>0x17f</size>
         <input_file_ref idref="fl-53"/>
      </object_component>
      <object_component id="oc-4f5">
         <name>.debug_info</name>
         <load_address>0x649c</load_address>
         <run_address>0x649c</run_address>
         <size>0x1d7</size>
         <input_file_ref idref="fl-53"/>
      </object_component>
      <object_component id="oc-575">
         <name>.debug_info</name>
         <load_address>0x6673</load_address>
         <run_address>0x6673</run_address>
         <size>0x46</size>
         <input_file_ref idref="fl-53"/>
      </object_component>
      <object_component id="oc-774">
         <name>.debug_info</name>
         <load_address>0x66b9</load_address>
         <run_address>0x66b9</run_address>
         <size>0x1ac</size>
         <input_file_ref idref="fl-54"/>
      </object_component>
      <object_component id="oc-6f8">
         <name>.debug_info</name>
         <load_address>0x6865</load_address>
         <run_address>0x6865</run_address>
         <size>0x228</size>
         <input_file_ref idref="fl-54"/>
      </object_component>
      <object_component id="oc-768">
         <name>.debug_info</name>
         <load_address>0x6a8d</load_address>
         <run_address>0x6a8d</run_address>
         <size>0x94</size>
         <input_file_ref idref="fl-54"/>
      </object_component>
      <object_component id="oc-7c3">
         <name>.debug_info</name>
         <load_address>0x6b21</load_address>
         <run_address>0x6b21</run_address>
         <size>0x1aa</size>
         <input_file_ref idref="fl-55"/>
      </object_component>
      <object_component id="oc-76e">
         <name>.debug_info</name>
         <load_address>0x6ccb</load_address>
         <run_address>0x6ccb</run_address>
         <size>0x2bc</size>
         <input_file_ref idref="fl-55"/>
      </object_component>
      <object_component id="oc-7d8">
         <name>.debug_info</name>
         <load_address>0x6f87</load_address>
         <run_address>0x6f87</run_address>
         <size>0x17c</size>
         <input_file_ref idref="fl-56"/>
      </object_component>
      <object_component id="oc-7bd">
         <name>.debug_info</name>
         <load_address>0x7103</load_address>
         <run_address>0x7103</run_address>
         <size>0x1dd</size>
         <input_file_ref idref="fl-56"/>
      </object_component>
      <object_component id="oc-616">
         <name>.debug_info</name>
         <load_address>0x72e0</load_address>
         <run_address>0x72e0</run_address>
         <size>0x121</size>
         <input_file_ref idref="fl-57"/>
      </object_component>
      <object_component id="oc-61f">
         <name>.debug_info</name>
         <load_address>0x7401</load_address>
         <run_address>0x7401</run_address>
         <size>0x12d</size>
         <input_file_ref idref="fl-58"/>
      </object_component>
      <object_component id="oc-776">
         <name>.debug_info</name>
         <load_address>0x752e</load_address>
         <run_address>0x752e</run_address>
         <size>0x16a</size>
         <input_file_ref idref="fl-59"/>
      </object_component>
      <object_component id="oc-6fd">
         <name>.debug_info</name>
         <load_address>0x7698</load_address>
         <run_address>0x7698</run_address>
         <size>0x1ab</size>
         <input_file_ref idref="fl-59"/>
      </object_component>
      <object_component id="oc-625">
         <name>.debug_info</name>
         <load_address>0x7843</load_address>
         <run_address>0x7843</run_address>
         <size>0x121</size>
         <input_file_ref idref="fl-5a"/>
      </object_component>
      <object_component id="oc-567">
         <name>.debug_info</name>
         <load_address>0x7964</load_address>
         <run_address>0x7964</run_address>
         <size>0x138</size>
         <input_file_ref idref="fl-5b"/>
      </object_component>
      <object_component id="oc-5c2">
         <name>.debug_info</name>
         <load_address>0x7a9c</load_address>
         <run_address>0x7a9c</run_address>
         <size>0x123</size>
         <input_file_ref idref="fl-5c"/>
      </object_component>
      <object_component id="oc-6e5">
         <name>.debug_info</name>
         <load_address>0x7bbf</load_address>
         <run_address>0x7bbf</run_address>
         <size>0x137</size>
         <input_file_ref idref="fl-5d"/>
      </object_component>
      <object_component id="oc-609">
         <name>.debug_info</name>
         <load_address>0x7cf6</load_address>
         <run_address>0x7cf6</run_address>
         <size>0x12a</size>
         <input_file_ref idref="fl-5e"/>
      </object_component>
      <object_component id="oc-767">
         <name>.debug_info</name>
         <load_address>0x7e20</load_address>
         <run_address>0x7e20</run_address>
         <size>0x175</size>
         <input_file_ref idref="fl-5f"/>
      </object_component>
      <object_component id="oc-6f1">
         <name>.debug_info</name>
         <load_address>0x7f95</load_address>
         <run_address>0x7f95</run_address>
         <size>0x1f3</size>
         <input_file_ref idref="fl-5f"/>
      </object_component>
      <object_component id="oc-6eb">
         <name>.debug_info</name>
         <load_address>0x8188</load_address>
         <run_address>0x8188</run_address>
         <size>0x12c</size>
         <input_file_ref idref="fl-60"/>
      </object_component>
      <object_component id="oc-610">
         <name>.debug_info</name>
         <load_address>0x82b4</load_address>
         <run_address>0x82b4</run_address>
         <size>0x121</size>
         <input_file_ref idref="fl-61"/>
      </object_component>
      <object_component id="oc-561">
         <name>.debug_info</name>
         <load_address>0x83d5</load_address>
         <run_address>0x83d5</run_address>
         <size>0x130</size>
         <input_file_ref idref="fl-63"/>
      </object_component>
      <object_component id="oc-55c">
         <name>.debug_info</name>
         <load_address>0x8505</load_address>
         <run_address>0x8505</run_address>
         <size>0x130</size>
         <input_file_ref idref="fl-64"/>
      </object_component>
      <object_component id="oc-6de">
         <name>.debug_info</name>
         <load_address>0x8635</load_address>
         <run_address>0x8635</run_address>
         <size>0x121</size>
         <input_file_ref idref="fl-69"/>
      </object_component>
      <object_component id="oc-7af">
         <name>.debug_info</name>
         <load_address>0x8756</load_address>
         <run_address>0x8756</run_address>
         <size>0x120</size>
         <input_file_ref idref="fl-6b"/>
      </object_component>
      <object_component id="oc-75d">
         <name>.debug_info</name>
         <load_address>0x8876</load_address>
         <run_address>0x8876</run_address>
         <size>0x126</size>
         <input_file_ref idref="fl-6b"/>
      </object_component>
      <object_component id="oc-7ba">
         <name>.debug_info</name>
         <load_address>0x899c</load_address>
         <run_address>0x899c</run_address>
         <size>0x120</size>
         <input_file_ref idref="fl-6c"/>
      </object_component>
      <object_component id="oc-7b3">
         <name>.debug_info</name>
         <load_address>0x8abc</load_address>
         <run_address>0x8abc</run_address>
         <size>0x120</size>
         <input_file_ref idref="fl-6d"/>
      </object_component>
      <object_component id="oc-764">
         <name>.debug_info</name>
         <load_address>0x8bdc</load_address>
         <run_address>0x8bdc</run_address>
         <size>0x126</size>
         <input_file_ref idref="fl-6d"/>
      </object_component>
      <object_component id="oc-4bb">
         <name>.debug_info</name>
         <load_address>0x8d02</load_address>
         <run_address>0x8d02</run_address>
         <size>0x100</size>
         <input_file_ref idref="fl-6f"/>
      </object_component>
      <object_component id="oc-506">
         <name>.debug_info</name>
         <load_address>0x8e02</load_address>
         <run_address>0x8e02</run_address>
         <size>0x17a</size>
         <input_file_ref idref="fl-6f"/>
      </object_component>
      <object_component id="oc-719">
         <name>.debug_info</name>
         <load_address>0x8f7c</load_address>
         <run_address>0x8f7c</run_address>
         <size>0x3fc</size>
         <input_file_ref idref="fl-72"/>
      </object_component>
      <object_component id="oc-652">
         <name>.debug_info</name>
         <load_address>0x9378</load_address>
         <run_address>0x9378</run_address>
         <size>0x230</size>
         <input_file_ref idref="fl-72"/>
      </object_component>
      <object_component id="oc-78e">
         <name>.debug_info</name>
         <load_address>0x95a8</load_address>
         <run_address>0x95a8</run_address>
         <size>0x39</size>
         <input_file_ref idref="fl-72"/>
      </object_component>
      <object_component id="oc-79a">
         <name>.debug_info</name>
         <load_address>0x95e1</load_address>
         <run_address>0x95e1</run_address>
         <size>0x2c</size>
         <input_file_ref idref="fl-72"/>
      </object_component>
      <object_component id="oc-724">
         <name>.debug_info</name>
         <load_address>0x960d</load_address>
         <run_address>0x960d</run_address>
         <size>0x2c</size>
         <input_file_ref idref="fl-72"/>
      </object_component>
      <object_component id="oc-793">
         <name>.debug_info</name>
         <load_address>0x9639</load_address>
         <run_address>0x9639</run_address>
         <size>0xcd</size>
         <input_file_ref idref="fl-72"/>
      </object_component>
      <object_component id="oc-715">
         <name>.debug_info</name>
         <load_address>0x9706</load_address>
         <run_address>0x9706</run_address>
         <size>0x150</size>
         <input_file_ref idref="fl-73"/>
      </object_component>
      <object_component id="oc-57d">
         <name>.debug_info</name>
         <load_address>0x9856</load_address>
         <run_address>0x9856</run_address>
         <size>0x153</size>
         <input_file_ref idref="fl-74"/>
      </object_component>
      <object_component id="oc-62e">
         <name>.debug_info</name>
         <load_address>0x99a9</load_address>
         <run_address>0x99a9</run_address>
         <size>0x122</size>
         <input_file_ref idref="fl-76"/>
      </object_component>
      <object_component id="oc-538">
         <name>.debug_info</name>
         <load_address>0x9acb</load_address>
         <run_address>0x9acb</run_address>
         <size>0x19a</size>
         <input_file_ref idref="fl-79"/>
      </object_component>
      <object_component id="oc-4cc">
         <name>.debug_info</name>
         <load_address>0x9c65</load_address>
         <run_address>0x9c65</run_address>
         <size>0x17a</size>
         <input_file_ref idref="fl-79"/>
      </object_component>
      <object_component id="oc-73b">
         <name>.debug_info</name>
         <load_address>0x9ddf</load_address>
         <run_address>0x9ddf</run_address>
         <size>0x177</size>
         <input_file_ref idref="fl-7a"/>
      </object_component>
      <object_component id="oc-6a0">
         <name>.debug_info</name>
         <load_address>0x9f56</load_address>
         <run_address>0x9f56</run_address>
         <size>0x275</size>
         <input_file_ref idref="fl-7a"/>
      </object_component>
      <object_component id="oc-73d">
         <name>.debug_info</name>
         <load_address>0xa1cb</load_address>
         <run_address>0xa1cb</run_address>
         <size>0x191</size>
         <input_file_ref idref="fl-7b"/>
      </object_component>
      <object_component id="oc-6a5">
         <name>.debug_info</name>
         <load_address>0xa35c</load_address>
         <run_address>0xa35c</run_address>
         <size>0x268</size>
         <input_file_ref idref="fl-7b"/>
      </object_component>
      <object_component id="oc-854">
         <name>.debug_info</name>
         <load_address>0xa5c4</load_address>
         <run_address>0xa5c4</run_address>
         <size>0x9a</size>
      </object_component>
      <object_component id="oc-6d1">
         <name>.debug_line</name>
         <load_address>0x0</load_address>
         <run_address>0x0</run_address>
         <size>0x226</size>
         <input_file_ref idref="fl-2"/>
      </object_component>
      <object_component id="oc-698">
         <name>.debug_line</name>
         <load_address>0x226</load_address>
         <run_address>0x226</run_address>
         <size>0x2d</size>
         <input_file_ref idref="fl-2"/>
      </object_component>
      <object_component id="oc-69c">
         <name>.debug_line</name>
         <load_address>0x253</load_address>
         <run_address>0x253</run_address>
         <size>0x2d</size>
         <input_file_ref idref="fl-2"/>
      </object_component>
      <object_component id="oc-6d8">
         <name>.debug_line</name>
         <load_address>0x280</load_address>
         <run_address>0x280</run_address>
         <size>0x2d</size>
         <input_file_ref idref="fl-2"/>
      </object_component>
      <object_component id="oc-5d2">
         <name>.debug_line</name>
         <load_address>0x2ad</load_address>
         <run_address>0x2ad</run_address>
         <size>0x49</size>
         <input_file_ref idref="fl-2"/>
      </object_component>
      <object_component id="oc-583">
         <name>.debug_line</name>
         <load_address>0x2f6</load_address>
         <run_address>0x2f6</run_address>
         <size>0x12e</size>
         <input_file_ref idref="fl-2"/>
      </object_component>
      <object_component id="oc-6d5">
         <name>.debug_line</name>
         <load_address>0x424</load_address>
         <run_address>0x424</run_address>
         <size>0x5c</size>
         <input_file_ref idref="fl-2"/>
      </object_component>
      <object_component id="oc-671">
         <name>.debug_line</name>
         <load_address>0x480</load_address>
         <run_address>0x480</run_address>
         <size>0x72</size>
         <input_file_ref idref="fl-2"/>
      </object_component>
      <object_component id="oc-5aa">
         <name>.debug_line</name>
         <load_address>0x4f2</load_address>
         <run_address>0x4f2</run_address>
         <size>0x20</size>
         <input_file_ref idref="fl-2"/>
      </object_component>
      <object_component id="oc-5c9">
         <name>.debug_line</name>
         <load_address>0x512</load_address>
         <run_address>0x512</run_address>
         <size>0x76</size>
         <input_file_ref idref="fl-2"/>
      </object_component>
      <object_component id="oc-56e">
         <name>.debug_line</name>
         <load_address>0x588</load_address>
         <run_address>0x588</run_address>
         <size>0x73</size>
         <input_file_ref idref="fl-2"/>
      </object_component>
      <object_component id="oc-758">
         <name>.debug_line</name>
         <load_address>0x5fb</load_address>
         <run_address>0x5fb</run_address>
         <size>0x118</size>
         <input_file_ref idref="fl-3"/>
      </object_component>
      <object_component id="oc-740">
         <name>.debug_line</name>
         <load_address>0x713</load_address>
         <run_address>0x713</run_address>
         <size>0x59</size>
         <input_file_ref idref="fl-3"/>
      </object_component>
      <object_component id="oc-742">
         <name>.debug_line</name>
         <load_address>0x76c</load_address>
         <run_address>0x76c</run_address>
         <size>0x57</size>
         <input_file_ref idref="fl-3"/>
      </object_component>
      <object_component id="oc-601">
         <name>.debug_line</name>
         <load_address>0x7c3</load_address>
         <run_address>0x7c3</run_address>
         <size>0x59</size>
         <input_file_ref idref="fl-3"/>
      </object_component>
      <object_component id="oc-744">
         <name>.debug_line</name>
         <load_address>0x81c</load_address>
         <run_address>0x81c</run_address>
         <size>0x57</size>
         <input_file_ref idref="fl-3"/>
      </object_component>
      <object_component id="oc-746">
         <name>.debug_line</name>
         <load_address>0x873</load_address>
         <run_address>0x873</run_address>
         <size>0x6c</size>
         <input_file_ref idref="fl-3"/>
      </object_component>
      <object_component id="oc-7a0">
         <name>.debug_line</name>
         <load_address>0x8df</load_address>
         <run_address>0x8df</run_address>
         <size>0xf3</size>
         <input_file_ref idref="fl-4"/>
      </object_component>
      <object_component id="oc-5b1">
         <name>.debug_line</name>
[...]
         <value>0x1d16</value>
         <object_component_ref idref="oc-5d7"/>
      </symbol>
      <symbol id="sm-4ea">
         <name>cd1_value_corr</name>
         <value>0x1d0a</value>
         <object_component_ref idref="oc-5d7"/>
      </symbol>
      <symbol id="sm-4eb">
         <name>sample_count</name>
         <value>0x1d4a</value>
         <object_component_ref idref="oc-5d7"/>
      </symbol>
      <symbol id="sm-4ec">
         <name>cd1_previous_value</name>
         <value>0x1d12</value>
         <object_component_ref idref="oc-5d7"/>
      </symbol>
      <symbol id="sm-512">
         <name>au20xx_read_reg</name>
         <value>0x11274</value>
         <object_component_ref idref="oc-5fc"/>
      </symbol>
      <symbol id="sm-556">
         <name>floor_op</name>
         <value>0x10eee</value>
         <object_component_ref idref="oc-62a"/>
      </symbol>
      <symbol id="sm-557">
         <name>TIMER1_ISR</name>
         <value>0x4540</value>
         <object_component_ref idref="oc-4db"/>
      </symbol>
      <symbol id="sm-558">
         <name>get_top_variables</name>
         <value>0x1100a</value>
         <object_component_ref idref="oc-690"/>
      </symbol>
      <symbol id="sm-559">
         <name>__TI_int39</name>
         <value>0xffde</value>
         <object_component_ref idref="oc-91"/>
      </symbol>
      <symbol id="sm-55a">
         <name>delay_us</name>
         <value>0x114de</value>
         <object_component_ref idref="oc-6c6"/>
      </symbol>
      <symbol id="sm-55b">
         <name>absolute</name>
         <value>0x11412</value>
         <object_component_ref idref="oc-618"/>
      </symbol>
      <symbol id="sm-55c">
         <name>sensEn_delay_us</name>
         <value>0x11372</value>
         <object_component_ref idref="oc-5f6"/>
      </symbol>
      <symbol id="sm-580">
         <name>temperatureReadFlag</name>
         <value>0x1d76</value>
         <object_component_ref idref="oc-54e"/>
      </symbol>
      <symbol id="sm-581">
         <name>__TI_int45</name>
         <value>0xffea</value>
         <object_component_ref idref="oc-97"/>
      </symbol>
      <symbol id="sm-582">
         <name>ADC12_ISR</name>
         <value>0x4400</value>
         <object_component_ref idref="oc-4e7"/>
      </symbol>
      <symbol id="sm-591">
         <name>gpio_init</name>
         <value>0x10e7a</value>
         <object_component_ref idref="oc-67e"/>
      </symbol>
      <symbol id="sm-59a">
         <name>system_clock_init</name>
         <value>0x113ec</value>
         <object_component_ref idref="oc-678"/>
      </symbol>
      <symbol id="sm-5d4">
         <name>spi_init</name>
         <value>0x114a0</value>
         <object_component_ref idref="oc-684"/>
      </symbol>
      <symbol id="sm-5d5">
         <name>spi_read</name>
         <value>0x112e0</value>
         <object_component_ref idref="oc-6c8"/>
      </symbol>
      <symbol id="sm-5d6">
         <name>spi_write</name>
         <value>0x11134</value>
         <object_component_ref idref="oc-6c0"/>
      </symbol>
      <symbol id="sm-602">
         <name>samplesPerTempReading</name>
         <value>0x1d5e</value>
         <object_component_ref idref="oc-54b"/>
      </symbol>
      <symbol id="sm-603">
         <name>readTemperatureFlag</name>
         <value>0x1d5d</value>
         <object_component_ref idref="oc-54b"/>
      </symbol>
      <symbol id="sm-604">
         <name>sensENFlag</name>
         <value>0x1d5c</value>
         <object_component_ref idref="oc-54b"/>
      </symbol>
      <symbol id="sm-605">
         <name>__TI_int44</name>
         <value>0xffe8</value>
         <object_component_ref idref="oc-96"/>
      </symbol>
      <symbol id="sm-606">
         <name>timerA_init</name>
         <value>0x11236</value>
         <object_component_ref idref="oc-68a"/>
      </symbol>
      <symbol id="sm-607">
         <name>timerA0_load_time</name>
         <value>0x113c4</value>
         <object_component_ref idref="oc-5e0"/>
      </symbol>
      <symbol id="sm-608">
         <name>timerA1_load_time</name>
         <value>0x1153c</value>
         <object_component_ref idref="oc-6ac"/>
      </symbol>
      <symbol id="sm-609">
         <name>TIMER0_ISR</name>
         <value>0x44e8</value>
         <object_component_ref idref="oc-4e1"/>
      </symbol>
      <symbol id="sm-647">
         <name>__TI_int47</name>
         <value>0xffee</value>
         <object_component_ref idref="oc-99"/>
      </symbol>
      <symbol id="sm-648">
         <name>uart_send</name>
         <value>0x114c0</value>
         <object_component_ref idref="oc-5f0"/>
      </symbol>
      <symbol id="sm-649">
         <name>UART_ISR</name>
         <value>0x4494</value>
         <object_component_ref idref="oc-4ed"/>
      </symbol>
      <symbol id="sm-64a">
         <name>uart_read</name>
         <value>0x110ea</value>
         <object_component_ref idref="oc-5e9"/>
      </symbol>
      <symbol id="sm-64b">
         <name>uart_init</name>
         <value>0x11346</value>
         <object_component_ref idref="oc-5da"/>
      </symbol>
      <symbol id="sm-64c">
         <name>uart_rx_timeout</name>
         <value>0x1d68</value>
         <object_component_ref idref="oc-551"/>
      </symbol>
      <symbol id="sm-64d">
         <name>uart_rx_flag</name>
         <value>0x1d66</value>
         <object_component_ref idref="oc-551"/>
      </symbol>
      <symbol id="sm-670">
         <name>__TI_decompress_lzss</name>
         <value>0x10e04</value>
         <object_component_ref idref="oc-79"/>
      </symbol>
      <symbol id="sm-681">
         <name>__TI_decompress_none</name>
         <value>0x11566</value>
         <object_component_ref idref="oc-7f"/>
      </symbol>
      <symbol id="sm-684">
         <name>__TI_int27</name>
         <value>0xffc6</value>
         <object_component_ref idref="oc-85"/>
      </symbol>
      <symbol id="sm-68c">
         <name>__TI_ISR_TRAP</name>
         <value>0x454e</value>
         <object_component_ref idref="oc-4d6"/>
      </symbol>
      <symbol id="sm-68f">
         <name>__TI_int28</name>
         <value>0xffc8</value>
         <object_component_ref idref="oc-86"/>
      </symbol>
      <symbol id="sm-692">
         <name>__TI_int29</name>
         <value>0xffca</value>
         <object_component_ref idref="oc-87"/>
      </symbol>
      <symbol id="sm-695">
         <name>__TI_int30</name>
         <value>0xffcc</value>
         <object_component_ref idref="oc-88"/>
      </symbol>
      <symbol id="sm-698">
         <name>__TI_int31</name>
         <value>0xffce</value>
         <object_component_ref idref="oc-89"/>
      </symbol>
      <symbol id="sm-69b">
         <name>__TI_int32</name>
         <value>0xffd0</value>
         <object_component_ref idref="oc-8a"/>
      </symbol>
      <symbol id="sm-69e">
         <name>__TI_int33</name>
         <value>0xffd2</value>
         <object_component_ref idref="oc-8b"/>
      </symbol>
      <symbol id="sm-6a1">
         <name>__TI_int34</name>
         <value>0xffd4</value>
         <object_component_ref idref="oc-8c"/>
      </symbol>
      <symbol id="sm-6a4">
         <name>__TI_int35</name>
         <value>0xffd6</value>
         <object_component_ref idref="oc-8d"/>
      </symbol>
      <symbol id="sm-6a7">
         <name>__TI_int36</name>
         <value>0xffd8</value>
         <object_component_ref idref="oc-8e"/>
      </symbol>
      <symbol id="sm-6aa">
         <name>__TI_int37</name>
         <value>0xffda</value>
         <object_component_ref idref="oc-8f"/>
      </symbol>
      <symbol id="sm-6ad">
         <name>__TI_int38</name>
         <value>0xffdc</value>
         <object_component_ref idref="oc-90"/>
      </symbol>
      <symbol id="sm-6b0">
         <name>__TI_int40</name>
         <value>0xffe0</value>
         <object_component_ref idref="oc-92"/>
      </symbol>
      <symbol id="sm-6b3">
         <name>__TI_int41</name>
         <value>0xffe2</value>
         <object_component_ref idref="oc-93"/>
      </symbol>
      <symbol id="sm-6b6">
         <name>__TI_int42</name>
         <value>0xffe4</value>
         <object_component_ref idref="oc-94"/>
      </symbol>
      <symbol id="sm-6b9">
         <name>__TI_int43</name>
         <value>0xffe6</value>
         <object_component_ref idref="oc-95"/>
      </symbol>
      <symbol id="sm-6bc">
         <name>__TI_int46</name>
         <value>0xffec</value>
         <object_component_ref idref="oc-98"/>
      </symbol>
      <symbol id="sm-6bf">
         <name>__TI_int49</name>
         <value>0xfff2</value>
         <object_component_ref idref="oc-9a"/>
      </symbol>
      <symbol id="sm-6c2">
         <name>__TI_int50</name>
         <value>0xfff4</value>
         <object_component_ref idref="oc-9b"/>
      </symbol>
      <symbol id="sm-6c5">
         <name>__TI_int51</name>
         <value>0xfff6</value>
         <object_component_ref idref="oc-9c"/>
      </symbol>
      <symbol id="sm-6c8">
         <name>__TI_int52</name>
         <value>0xfff8</value>
         <object_component_ref idref="oc-9d"/>
      </symbol>
      <symbol id="sm-6cb">
         <name>__TI_int53</name>
         <value>0xfffa</value>
         <object_component_ref idref="oc-9e"/>
      </symbol>
      <symbol id="sm-6ce">
         <name>__TI_int54</name>
         <value>0xfffc</value>
         <object_component_ref idref="oc-9f"/>
      </symbol>
      <symbol id="sm-6e1">
         <name>__TI_zero_init_nomemset</name>
         <value>0x11436</value>
         <object_component_ref idref="oc-4f3"/>
      </symbol>
      <symbol id="sm-708">
         <name>__mspabi_addd</name>
         <value>0x10408</value>
         <object_component_ref idref="oc-6f4"/>
      </symbol>
      <symbol id="sm-729">
         <name>__TI_frcaddd</name>
         <value>0x106e8</value>
         <object_component_ref idref="oc-76d"/>
      </symbol>
      <symbol id="sm-73d">
         <name>__TI_renormd</name>
         <value>0x10b1a</value>
         <object_component_ref idref="oc-7bc"/>
      </symbol>
      <symbol id="sm-758">
         <name>__mspabi_subf</name>
         <value>0x10930</value>
         <object_component_ref idref="oc-613"/>
      </symbol>
      <symbol id="sm-759">
         <name>__mspabi_addf</name>
         <value>0x10936</value>
         <object_component_ref idref="oc-613"/>
      </symbol>
      <symbol id="sm-769">
         <name>__mspabi_cmpf</name>
         <value>0x11056</value>
         <object_component_ref idref="oc-61e"/>
      </symbol>
      <symbol id="sm-77c">
         <name>__mspabi_cvtdf</name>
         <value>0x10cfa</value>
         <object_component_ref idref="oc-6fa"/>
      </symbol>
      <symbol id="sm-78e">
         <name>__mspabi_divf</name>
         <value>0x10c6a</value>
         <object_component_ref idref="oc-623"/>
      </symbol>
      <symbol id="sm-79a">
         <name>__mspabi_remli</name>
         <value>0x1117a</value>
         <object_component_ref idref="oc-565"/>
      </symbol>
      <symbol id="sm-79b">
         <name>__mspabi_divli</name>
         <value>0x1117a</value>
         <object_component_ref idref="oc-565"/>
      </symbol>
      <symbol id="sm-7a9">
         <name>__mspabi_remul</name>
         <value>0x10f5e</value>
         <object_component_ref idref="oc-5c0"/>
      </symbol>
      <symbol id="sm-7aa">
         <name>__mspabi_divul</name>
         <value>0x10f5e</value>
         <object_component_ref idref="oc-5c0"/>
      </symbol>
      <symbol id="sm-7bd">
         <name>__mspabi_fixfli</name>
         <value>0x10d86</value>
         <object_component_ref idref="oc-6e4"/>
      </symbol>
      <symbol id="sm-7ca">
         <name>__mspabi_fltif</name>
         <value>0x112aa</value>
         <object_component_ref idref="oc-608"/>
      </symbol>
      <symbol id="sm-7e2">
         <name>__mspabi_fltlid</name>
         <value>0x10bcc</value>
         <object_component_ref idref="oc-6ee"/>
      </symbol>
      <symbol id="sm-7f1">
         <name>__mspabi_fltlif</name>
         <value>0x110a0</value>
         <object_component_ref idref="oc-6e9"/>
      </symbol>
      <symbol id="sm-808">
         <name>__mspabi_mpyf</name>
         <value>0x10a62</value>
         <object_component_ref idref="oc-60e"/>
      </symbol>
      <symbol id="sm-811">
         <name>__mspabi_mpyi_f5hw</name>
         <value>0x114f6</value>
         <object_component_ref idref="oc-560"/>
      </symbol>
      <symbol id="sm-819">
         <name>__mspabi_mpyl_f5hw</name>
         <value>0x1145a</value>
         <object_component_ref idref="oc-55b"/>
      </symbol>
      <symbol id="sm-826">
         <name>__mspabi_negf</name>
         <value>0x115a8</value>
         <object_component_ref idref="oc-6dc"/>
      </symbol>
      <symbol id="sm-837">
         <name>__mspabi_slll_9</name>
         <value>0x111d2</value>
         <object_component_ref idref="oc-75c"/>
      </symbol>
      <symbol id="sm-838">
         <name>__mspabi_slll_8</name>
         <value>0x111d6</value>
         <object_component_ref idref="oc-75c"/>
      </symbol>
      <symbol id="sm-839">
         <name>__mspabi_slll_7</name>
         <value>0x111da</value>
         <object_component_ref idref="oc-75c"/>
      </symbol>
      <symbol id="sm-83a">
         <name>__mspabi_slll_6</name>
         <value>0x111de</value>
         <object_component_ref idref="oc-75c"/>
      </symbol>
      <symbol id="sm-83b">
         <name>__mspabi_slll_5</name>
         <value>0x111e2</value>
         <object_component_ref idref="oc-75c"/>
      </symbol>
      <symbol id="sm-83c">
         <name>__mspabi_slll_4</name>
         <value>0x111e6</value>
         <object_component_ref idref="oc-75c"/>
      </symbol>
      <symbol id="sm-83d">
         <name>__mspabi_slll_3</name>
         <value>0x111ea</value>
         <object_component_ref idref="oc-75c"/>
      </symbol>
      <symbol id="sm-83e">
         <name>__mspabi_slll_2</name>
         <value>0x111ee</value>
         <object_component_ref idref="oc-75c"/>
      </symbol>
      <symbol id="sm-83f">
         <name>__mspabi_slll_1</name>
         <value>0x111f2</value>
         <object_component_ref idref="oc-75c"/>
      </symbol>
      <symbol id="sm-840">
         <name>__mspabi_slll</name>
         <value>0x11588</value>
         <object_component_ref idref="oc-7ad"/>
      </symbol>
      <symbol id="sm-841">
         <name>__mspabi_slll_15</name>
         <value>0x111ba</value>
         <object_component_ref idref="oc-75c"/>
      </symbol>
      <symbol id="sm-842">
         <name>__mspabi_slll_14</name>
         <value>0x111be</value>
         <object_component_ref idref="oc-75c"/>
      </symbol>
      <symbol id="sm-843">
         <name>__mspabi_slll_13</name>
         <value>0x111c2</value>
         <object_component_ref idref="oc-75c"/>
      </symbol>
      <symbol id="sm-844">
         <name>__mspabi_slll_12</name>
         <value>0x111c6</value>
         <object_component_ref idref="oc-75c"/>
      </symbol>
      <symbol id="sm-845">
         <name>__mspabi_slll_11</name>
         <value>0x111ca</value>
         <object_component_ref idref="oc-75c"/>
      </symbol>
      <symbol id="sm-846">
         <name>__mspabi_slll_10</name>
         <value>0x111ce</value>
         <object_component_ref idref="oc-75c"/>
      </symbol>
      <symbol id="sm-850">
         <name>__mspabi_sral</name>
         <value>0x11578</value>
         <object_component_ref idref="oc-7b7"/>
      </symbol>
      <symbol id="sm-860">
         <name>__mspabi_srll_8</name>
         <value>0x11214</value>
         <object_component_ref idref="oc-761"/>
      </symbol>
      <symbol id="sm-861">
         <name>__mspabi_srll_9</name>
         <value>0x11210</value>
         <object_component_ref idref="oc-761"/>
      </symbol>
      <symbol id="sm-862">
         <name>__mspabi_srll_6</name>
         <value>0x1121c</value>
         <object_component_ref idref="oc-761"/>
      </symbol>
      <symbol id="sm-863">
         <name>__mspabi_srll_7</name>
         <value>0x11218</value>
         <object_component_ref idref="oc-761"/>
      </symbol>
      <symbol id="sm-864">
         <name>__mspabi_srll_4</name>
         <value>0x11224</value>
         <object_component_ref idref="oc-761"/>
      </symbol>
      <symbol id="sm-865">
         <name>__mspabi_srll_5</name>
         <value>0x11220</value>
         <object_component_ref idref="oc-761"/>
      </symbol>
      <symbol id="sm-866">
         <name>__mspabi_srll_2</name>
         <value>0x1122c</value>
         <object_component_ref idref="oc-761"/>
      </symbol>
      <symbol id="sm-867">
         <name>__mspabi_srll_3</name>
         <value>0x11228</value>
         <object_component_ref idref="oc-761"/>
      </symbol>
      <symbol id="sm-868">
         <name>__mspabi_srll_1</name>
         <value>0x11230</value>
         <object_component_ref idref="oc-761"/>
      </symbol>
      <symbol id="sm-869">
         <name>__mspabi_srll_15</name>
         <value>0x111f8</value>
         <object_component_ref idref="oc-761"/>
      </symbol>
      <symbol id="sm-86a">
         <name>__mspabi_srll_14</name>
         <value>0x111fc</value>
         <object_component_ref idref="oc-761"/>
      </symbol>
      <symbol id="sm-86b">
         <name>__mspabi_srll_13</name>
         <value>0x11200</value>
         <object_component_ref idref="oc-761"/>
      </symbol>
      <symbol id="sm-86c">
         <name>__mspabi_srll_12</name>
         <value>0x11204</value>
         <object_component_ref idref="oc-761"/>
      </symbol>
      <symbol id="sm-86d">
         <name>__mspabi_srll_11</name>
         <value>0x11208</value>
         <object_component_ref idref="oc-761"/>
      </symbol>
      <symbol id="sm-86e">
         <name>__mspabi_srll_10</name>
         <value>0x1120c</value>
         <object_component_ref idref="oc-761"/>
      </symbol>
      <symbol id="sm-86f">
         <name>__mspabi_srll</name>
         <value>0x11598</value>
         <object_component_ref idref="oc-7b2"/>
      </symbol>
      <symbol id="sm-880">
         <name>_stack</name>
         <value>0x2360</value>
         <object_component_ref idref="oc-4ba"/>
      </symbol>
      <symbol id="sm-881">
         <name>_c_int00_noargs</name>
         <value>0x4524</value>
         <object_component_ref idref="oc-505"/>
      </symbol>
      <symbol id="sm-882">
         <name>_reset_vector</name>
         <value>0xfffe</value>
         <object_component_ref idref="oc-4bd"/>
      </symbol>
      <symbol id="sm-8a7">
         <name>__TI_auto_init_nobinit_nopinit_hold_wdt</name>
         <value>0x10fb6</value>
         <object_component_ref idref="oc-651"/>
      </symbol>
      <symbol id="sm-8b0">
         <name>_system_post_cinit</name>
         <value>0x115bc</value>
         <object_component_ref idref="oc-712"/>
      </symbol>
      <symbol id="sm-8b9">
         <name>_system_pre_init</name>
         <value>0x115b8</value>
         <object_component_ref idref="oc-57c"/>
      </symbol>
      <symbol id="sm-8c4">
         <name>C$$EXIT</name>
         <value>0x115b2</value>
         <object_component_ref idref="oc-62d"/>
      </symbol>
      <symbol id="sm-8c5">
         <name>abort</name>
         <value>0x115b2</value>
         <object_component_ref idref="oc-62d"/>
      </symbol>
      <symbol id="sm-8d5">
         <name>memcpy</name>
         <value>0x11552</value>
         <object_component_ref idref="oc-4c9"/>
      </symbol>
      <symbol id="sm-8e3">
         <name>memset</name>
         <value>0x11526</value>
         <object_component_ref idref="oc-69e"/>
      </symbol>
      <symbol id="sm-8f3">
         <name>strncpy</name>
         <value>0x11314</value>
         <object_component_ref idref="oc-6a4"/>
      </symbol>
   </symbol_table>
   <title>Link successful</title>
</link_info>
