<?xml version="1.0" encoding="ISO-8859-1" ?>
<link_info>
   <banner>MSP430 Linker PC v20.2.0.LTS</banner>
   <copyright>Copyright (c) 2003-2018 Texas Instruments Incorporated</copyright>
   <link_time>0x5eac8706</link_time>
   <link_errors>0x0</link_errors>
   <output_file>au20xx_flow_sensor.out</output_file>
   <entry_point>
      <name>_c_int00_noargs</name>
      <address>0x4524</address>
   </entry_point>
   <input_file_list>
      <input_file id="fl-2">
         <path>.\</path>
         <kind>object</kind>
         <file>main.obj</file>
         <name>main.obj</name>
      </input_file>
      <input_file id="fl-3">
         <path>.\au20xx_api\</path>
         <kind>object</kind>
         <file>au20xx_api.obj</file>
         <name>au20xx_api.obj</name>
      </input_file>
      <input_file id="fl-4">
         <path>.\source\</path>
         <kind>object</kind>
         <file>common.obj</file>
         <name>common.obj</name>
      </input_file>
      <input_file id="fl-5">
         <path>.\source\</path>
         <kind>object</kind>
         <file>hal_adc.obj</file>
         <name>hal_adc.obj</name>
      </input_file>
      <input_file id="fl-6">
         <path>.\source\</path>
         <kind>object</kind>
         <file>hal_fram.obj</file>
         <name>hal_fram.obj</name>
      </input_file>
      <input_file id="fl-7">
         <path>.\source\</path>
         <kind>object</kind>
         <file>hal_gpio.obj</file>
         <name>hal_gpio.obj</name>
      </input_file>
      <input_file id="fl-8">
         <path>.\source\</path>
         <kind>object</kind>
         <file>hal_osc.obj</file>
         <name>hal_osc.obj</name>
      </input_file>
      <input_file id="fl-9">
         <path>.\source\</path>
         <kind>object</kind>
         <file>hal_refa.obj</file>
         <name>hal_refa.obj</name>
      </input_file>
      <input_file id="fl-a">
         <path>.\source\</path>
         <kind>object</kind>
         <file>hal_spi.obj</file>
         <name>hal_spi.obj</name>
      </input_file>
      <input_file id="fl-b">
         <path>.\source\</path>
         <kind>object</kind>
         <file>hal_timerA.obj</file>
         <name>hal_timerA.obj</name>
      </input_file>
      <input_file id="fl-c">
         <path>.\source\</path>
         <kind>object</kind>
         <file>hal_uart.obj</file>
         <name>hal_uart.obj</name>
      </input_file>
      <input_file id="fl-14">
         <kind>object</kind>
         <file>&lt;internal&gt;</file>
         <name>&lt;internal&gt;</name>
      </input_file>
      <input_file id="fl-39">
         <path>C:\ti\ccs1000\ccs\tools\compiler\ti-cgt-msp430_20.2.0.LTS\lib\</path>
         <kind>archive</kind>
         <file>rts430x_lc_rd_eabi.lib</file>
         <name>copy_decompress_lzss.c.obj</name>
      </input_file>
      <input_file id="fl-3a">
         <path>C:\ti\ccs1000\ccs\tools\compiler\ti-cgt-msp430_20.2.0.LTS\lib\</path>
         <kind>archive</kind>
         <file>rts430x_lc_rd_eabi.lib</file>
         <name>copy_decompress_none.c.obj</name>
      </input_file>
      <input_file id="fl-3b">
         <path>C:\ti\ccs1000\ccs\tools\compiler\ti-cgt-msp430_20.2.0.LTS\lib\</path>
         <kind>archive</kind>
         <file>rts430x_lc_rd_eabi.lib</file>
         <name>int27.asm.obj</name>
      </input_file>
      <input_file id="fl-3c">
         <path>C:\ti\ccs1000\ccs\tools\compiler\ti-cgt-msp430_20.2.0.LTS\lib\</path>
         <kind>archive</kind>
         <file>rts430x_lc_rd_eabi.lib</file>
         <name>isr_trap.asm.obj</name>
      </input_file>
      <input_file id="fl-3d">
         <path>C:\ti\ccs1000\ccs\tools\compiler\ti-cgt-msp430_20.2.0.LTS\lib\</path>
         <kind>archive</kind>
         <file>rts430x_lc_rd_eabi.lib</file>
         <name>int28.asm.obj</name>
      </input_file>
      <input_file id="fl-3e">
         <path>C:\ti\ccs1000\ccs\tools\compiler\ti-cgt-msp430_20.2.0.LTS\lib\</path>
         <kind>archive</kind>
         <file>rts430x_lc_rd_eabi.lib</file>
         <name>int29.asm.obj</name>
      </input_file>
      <input_file id="fl-3f">
         <path>C:\ti\ccs1000\ccs\tools\compiler\ti-cgt-msp430_20.2.0.LTS\lib\</path>
         <kind>archive</kind>
         <file>rts430x_lc_rd_eabi.lib</file>
         <name>int30.asm.obj</name>
      </input_file>
      <input_file id="fl-40">
         <path>C:\ti\ccs1000\ccs\tools\compiler\ti-cgt-msp430_20.2.0.LTS\lib\</path>
         <kind>archive</kind>
         <file>rts430x_lc_rd_eabi.lib</file>
         <name>int31.asm.obj</name>
      </input_file>
      <input_file id="fl-41">
         <path>C:\ti\ccs1000\ccs\tools\compiler\ti-cgt-msp430_20.2.0.LTS\lib\</path>
         <kind>archive</kind>
         <file>rts430x_lc_rd_eabi.lib</file>
         <name>int32.asm.obj</name>
      </input_file>
      <input_file id="fl-42">
         <path>C:\ti\ccs1000\ccs\tools\compiler\ti-cgt-msp430_20.2.0.LTS\lib\</path>
         <kind>archive</kind>
         <file>rts430x_lc_rd_eabi.lib</file>
         <name>int33.asm.obj</name>
      </input_file>
      <input_file id="fl-43">
         <path>C:\ti\ccs1000\ccs\tools\compiler\ti-cgt-msp430_20.2.0.LTS\lib\</path>
         <kind>archive</kind>
         <file>rts430x_lc_rd_eabi.lib</file>
         <name>int34.asm.obj</name>
      </input_file>
      <input_file id="fl-44">
         <path>C:\ti\ccs1000\ccs\tools\compiler\ti-cgt-msp430_20.2.0.LTS\lib\</path>
         <kind>archive</kind>
         <file>rts430x_lc_rd_eabi.lib</file>
         <name>int35.asm.obj</name>
      </input_file>
      <input_file id="fl-45">
         <path>C:\ti\ccs1000\ccs\tools\compiler\ti-cgt-msp430_20.2.0.LTS\lib\</path>
         <kind>archive</kind>
         <file>rts430x_lc_rd_eabi.lib</file>
         <name>int36.asm.obj</name>
      </input_file>
      <input_file id="fl-46">
         <path>C:\ti\ccs1000\ccs\tools\compiler\ti-cgt-msp430_20.2.0.LTS\lib\</path>
         <kind>archive</kind>
         <file>rts430x_lc_rd_eabi.lib</file>
         <name>int37.asm.obj</name>
      </input_file>
      <input_file id="fl-47">
         <path>C:\ti\ccs1000\ccs\tools\compiler\ti-cgt-msp430_20.2.0.LTS\lib\</path>
         <kind>archive</kind>
         <file>rts430x_lc_rd_eabi.lib</file>
         <name>int38.asm.obj</name>
      </input_file>
      <input_file id="fl-48">
         <path>C:\ti\ccs1000\ccs\tools\compiler\ti-cgt-msp430_20.2.0.LTS\lib\</path>
         <kind>archive</kind>
         <file>rts430x_lc_rd_eabi.lib</file>
         <name>int40.asm.obj</name>
      </input_file>
      <input_file id="fl-49">
         <path>C:\ti\ccs1000\ccs\tools\compiler\ti-cgt-msp430_20.2.0.LTS\lib\</path>
         <kind>archive</kind>
         <file>rts430x_lc_rd_eabi.lib</file>
         <name>int41.asm.obj</name>
      </input_file>
      <input_file id="fl-4a">
         <path>C:\ti\ccs1000\ccs\tools\compiler\ti-cgt-msp430_20.2.0.LTS\lib\</path>
         <kind>archive</kind>
         <file>rts430x_lc_rd_eabi.lib</file>
         <name>int42.asm.obj</name>
      </input_file>
      <input_file id="fl-4b">
         <path>C:\ti\ccs1000\ccs\tools\compiler\ti-cgt-msp430_20.2.0.LTS\lib\</path>
         <kind>archive</kind>
         <file>rts430x_lc_rd_eabi.lib</file>
         <name>int43.asm.obj</name>
      </input_file>
      <input_file id="fl-4c">
         <path>C:\ti\ccs1000\ccs\tools\compiler\ti-cgt-msp430_20.2.0.LTS\lib\</path>
         <kind>archive</kind>
         <file>rts430x_lc_rd_eabi.lib</file>
         <name>int46.asm.obj</name>
      </input_file>
      <input_file id="fl-4d">
         <path>C:\ti\ccs1000\ccs\tools\compiler\ti-cgt-msp430_20.2.0.LTS\lib\</path>
         <kind>archive</kind>
         <file>rts430x_lc_rd_eabi.lib</file>
         <name>int49.asm.obj</name>
      </input_file>
      <input_file id="fl-4e">
         <path>C:\ti\ccs1000\ccs\tools\compiler\ti-cgt-msp430_20.2.0.LTS\lib\</path>
         <kind>archive</kind>
         <file>rts430x_lc_rd_eabi.lib</file>
         <name>int50.asm.obj</name>
      </input_file>
      <input_file id="fl-4f">
         <path>C:\ti\ccs1000\ccs\tools\compiler\ti-cgt-msp430_20.2.0.LTS\lib\</path>
         <kind>archive</kind>
         <file>rts430x_lc_rd_eabi.lib</file>
         <name>int51.asm.obj</name>
      </input_file>
      <input_file id="fl-50">
         <path>C:\ti\ccs1000\ccs\tools\compiler\ti-cgt-msp430_20.2.0.LTS\lib\</path>
         <kind>archive</kind>
         <file>rts430x_lc_rd_eabi.lib</file>
         <name>int52.asm.obj</name>
      </input_file>
      <input_file id="fl-51">
         <path>C:\ti\ccs1000\ccs\tools\compiler\ti-cgt-msp430_20.2.0.LTS\lib\</path>
         <kind>archive</kind>
         <file>rts430x_lc_rd_eabi.lib</file>
         <name>int53.asm.obj</name>
      </input_file>
      <input_file id="fl-52">
         <path>C:\ti\ccs1000\ccs\tools\compiler\ti-cgt-msp430_20.2.0.LTS\lib\</path>
         <kind>archive</kind>
         <file>rts430x_lc_rd_eabi.lib</file>
         <name>int54.asm.obj</name>
      </input_file>
      <input_file id="fl-53">
         <path>C:\ti\ccs1000\ccs\tools\compiler\ti-cgt-msp430_20.2.0.LTS\lib\</path>
         <kind>archive</kind>
         <file>rts430x_lc_rd_eabi.lib</file>
         <name>copy_zero_init.c.obj</name>
      </input_file>
      <input_file id="fl-54">
         <path>C:\ti\ccs1000\ccs\tools\compiler\ti-cgt-msp430_20.2.0.LTS\lib\</path>
         <kind>archive</kind>
         <file>rts430x_lc_rd_eabi.lib</file>
         <name>fs_add.asm.obj</name>
      </input_file>
      <input_file id="fl-55">
         <path>C:\ti\ccs1000\ccs\tools\compiler\ti-cgt-msp430_20.2.0.LTS\lib\</path>
         <kind>archive</kind>
         <file>rts430x_lc_rd_eabi.lib</file>
         <name>fs_cmp.asm.obj</name>
      </input_file>
      <input_file id="fl-56">
         <path>C:\ti\ccs1000\ccs\tools\compiler\ti-cgt-msp430_20.2.0.LTS\lib\</path>
         <kind>archive</kind>
         <file>rts430x_lc_rd_eabi.lib</file>
         <name>fs_div.asm.obj</name>
      </input_file>
      <input_file id="fl-57">
         <path>C:\ti\ccs1000\ccs\tools\compiler\ti-cgt-msp430_20.2.0.LTS\lib\</path>
         <kind>archive</kind>
         <file>rts430x_lc_rd_eabi.lib</file>
         <name>div32s.asm.obj</name>
      </input_file>
      <input_file id="fl-58">
         <path>C:\ti\ccs1000\ccs\tools\compiler\ti-cgt-msp430_20.2.0.LTS\lib\</path>
         <kind>archive</kind>
         <file>rts430x_lc_rd_eabi.lib</file>
         <name>div32u.asm.obj</name>
      </input_file>
      <input_file id="fl-59">
         <path>C:\ti\ccs1000\ccs\tools\compiler\ti-cgt-msp430_20.2.0.LTS\lib\</path>
         <kind>archive</kind>
         <file>rts430x_lc_rd_eabi.lib</file>
         <name>fs_itof.asm.obj</name>
      </input_file>
      <input_file id="fl-5a">
         <path>C:\ti\ccs1000\ccs\tools\compiler\ti-cgt-msp430_20.2.0.LTS\lib\</path>
         <kind>archive</kind>
         <file>rts430x_lc_rd_eabi.lib</file>
         <name>fs_mpy.asm.obj</name>
      </input_file>
      <input_file id="fl-5b">
         <path>C:\ti\ccs1000\ccs\tools\compiler\ti-cgt-msp430_20.2.0.LTS\lib\</path>
         <kind>archive</kind>
         <file>rts430x_lc_rd_eabi.lib</file>
         <name>mult16.asm.obj</name>
      </input_file>
      <input_file id="fl-5c">
         <path>C:\ti\ccs1000\ccs\tools\compiler\ti-cgt-msp430_20.2.0.LTS\lib\</path>
         <kind>archive</kind>
         <file>rts430x_lc_rd_eabi.lib</file>
         <name>mult16_f5hw.asm.obj</name>
      </input_file>
      <input_file id="fl-5d">
         <path>C:\ti\ccs1000\ccs\tools\compiler\ti-cgt-msp430_20.2.0.LTS\lib\</path>
         <kind>archive</kind>
         <file>rts430x_lc_rd_eabi.lib</file>
         <name>mult32_f5hw.asm.obj</name>
      </input_file>
      <input_file id="fl-5e">
         <path>C:\ti\ccs1000\ccs\tools\compiler\ti-cgt-msp430_20.2.0.LTS\lib\</path>
         <kind>archive</kind>
         <file>rts430x_lc_rd_eabi.lib</file>
         <name>mult32.asm.obj</name>
      </input_file>
      <input_file id="fl-5f">
         <path>C:\ti\ccs1000\ccs\tools\compiler\ti-cgt-msp430_20.2.0.LTS\lib\</path>
         <kind>archive</kind>
         <file>rts430x_lc_rd_eabi.lib</file>
         <name>mult64_f5hw.asm.obj</name>
      </input_file>
      <input_file id="fl-60">
         <path>C:\ti\ccs1000\ccs\tools\compiler\ti-cgt-msp430_20.2.0.LTS\lib\</path>
         <kind>archive</kind>
         <file>rts430x_lc_rd_eabi.lib</file>
         <name>mult1632_f5hw.asm.obj</name>
      </input_file>
      <input_file id="fl-61">
         <path>C:\ti\ccs1000\ccs\tools\compiler\ti-cgt-msp430_20.2.0.LTS\lib\</path>
         <kind>archive</kind>
         <file>rts430x_lc_rd_eabi.lib</file>
         <name>mult3264_f5hw.asm.obj</name>
      </input_file>
      <input_file id="fl-62">
         <path>C:\ti\ccs1000\ccs\tools\compiler\ti-cgt-msp430_20.2.0.LTS\lib\</path>
         <kind>archive</kind>
         <file>rts430x_lc_rd_eabi.lib</file>
         <name>fs_neg.asm.obj</name>
      </input_file>
      <input_file id="fl-63">
         <path>C:\ti\ccs1000\ccs\tools\compiler\ti-cgt-msp430_20.2.0.LTS\lib\</path>
         <kind>archive</kind>
         <file>rts430x_lc_rd_eabi.lib</file>
         <name>lsl16.asm.obj</name>
      </input_file>
      <input_file id="fl-64">
         <path>C:\ti\ccs1000\ccs\tools\compiler\ti-cgt-msp430_20.2.0.LTS\lib\</path>
         <kind>archive</kind>
         <file>rts430x_lc_rd_eabi.lib</file>
         <name>boot.c.obj</name>
      </input_file>
      <input_file id="fl-65">
         <path>C:\ti\ccs1000\ccs\tools\compiler\ti-cgt-msp430_20.2.0.LTS\lib\</path>
         <kind>archive</kind>
         <file>rts430x_lc_rd_eabi.lib</file>
         <name>mpu_init.c.obj</name>
      </input_file>
      <input_file id="fl-66">
         <path>C:\ti\ccs1000\ccs\tools\compiler\ti-cgt-msp430_20.2.0.LTS\lib\</path>
         <kind>archive</kind>
         <file>rts430x_lc_rd_eabi.lib</file>
         <name>args_main.c.obj</name>
      </input_file>
      <input_file id="fl-67">
         <path>C:\ti\ccs1000\ccs\tools\compiler\ti-cgt-msp430_20.2.0.LTS\lib\</path>
         <kind>archive</kind>
         <file>rts430x_lc_rd_eabi.lib</file>
         <name>autoinit.c.obj</name>
      </input_file>
      <input_file id="fl-68">
         <path>C:\ti\ccs1000\ccs\tools\compiler\ti-cgt-msp430_20.2.0.LTS\lib\</path>
         <kind>archive</kind>
         <file>rts430x_lc_rd_eabi.lib</file>
         <name>startup.c.obj</name>
      </input_file>
      <input_file id="fl-69">
         <path>C:\ti\ccs1000\ccs\tools\compiler\ti-cgt-msp430_20.2.0.LTS\lib\</path>
         <kind>archive</kind>
         <file>rts430x_lc_rd_eabi.lib</file>
         <name>pre_init.c.obj</name>
      </input_file>
      <input_file id="fl-6a">
         <path>C:\ti\ccs1000\ccs\tools\compiler\ti-cgt-msp430_20.2.0.LTS\lib\</path>
         <kind>archive</kind>
         <file>rts430x_lc_rd_eabi.lib</file>
         <name>cpy_tbl.c.obj</name>
      </input_file>
      <input_file id="fl-6b">
         <path>C:\ti\ccs1000\ccs\tools\compiler\ti-cgt-msp430_20.2.0.LTS\lib\</path>
         <kind>archive</kind>
         <file>rts430x_lc_rd_eabi.lib</file>
         <name>exit.c.obj</name>
      </input_file>
      <input_file id="fl-6c">
         <path>C:\ti\ccs1000\ccs\tools\compiler\ti-cgt-msp430_20.2.0.LTS\lib\</path>
         <kind>archive</kind>
         <file>rts430x_lc_rd_eabi.lib</file>
         <name>exit_gvars.c.obj</name>
      </input_file>
      <input_file id="fl-6d">
         <path>C:\ti\ccs1000\ccs\tools\compiler\ti-cgt-msp430_20.2.0.LTS\lib\</path>
         <kind>archive</kind>
         <file>rts430x_lc_rd_eabi.lib</file>
         <name>_lock.c.obj</name>
      </input_file>
      <input_file id="fl-6e">
         <path>C:\ti\ccs1000\ccs\tools\compiler\ti-cgt-msp430_20.2.0.LTS\lib\</path>
         <kind>archive</kind>
         <file>rts430x_lc_rd_eabi.lib</file>
         <name>memcpy.c.obj</name>
      </input_file>
      <input_file id="fl-6f">
         <path>C:\ti\ccs1000\ccs\tools\compiler\ti-cgt-msp430_20.2.0.LTS\lib\</path>
         <kind>archive</kind>
         <file>rts430x_lc_rd_eabi.lib</file>
         <name>memset.c.obj</name>
      </input_file>
      <input_file id="fl-70">
         <path>C:\ti\ccs1000\ccs\tools\compiler\ti-cgt-msp430_20.2.0.LTS\lib\</path>
         <kind>archive</kind>
         <file>rts430x_lc_rd_eabi.lib</file>
         <name>strncpy.c.obj</name>
      </input_file>
   </input_file_list>
   <object_component_list>
      <object_component id="oc-7ea">
         <name>.cinit..data.load</name>
         <load_address>0x4562</load_address>
         <run_address>0x4562</run_address>
         <size>0xf</size>
      </object_component>
      <object_component id="oc-7e7">
         <name>__TI_handler_table</name>
         <load_address>0x4572</load_address>
         <run_address>0x4572</run_address>
         <size>0xc</size>
      </object_component>
      <object_component id="oc-7e9">
         <name>.cinit..bss.load</name>
         <load_address>0x457e</load_address>
         <run_address>0x457e</run_address>
         <size>0x6</size>
      </object_component>
      <object_component id="oc-7e8">
         <name>__TI_cinit_table</name>
         <load_address>0x4584</load_address>
         <run_address>0x4584</run_address>
         <size>0x10</size>
      </object_component>
      <object_component id="oc-777">
         <name>.binit</name>
         <load_address>0x4400</load_address>
         <run_address>0x4400</run_address>
         <size>0x0</size>
      </object_component>
      <object_component id="oc-5ea">
         <name>.const:.string</name>
         <load_address>0x4556</load_address>
         <run_address>0x4556</run_address>
         <size>0xa</size>
         <input_file_ref idref="fl-2"/>
      </object_component>
      <object_component id="oc-716">
         <name>.const</name>
         <load_address>0x4560</load_address>
         <run_address>0x4560</run_address>
         <size>0x1</size>
         <input_file_ref idref="fl-4"/>
      </object_component>
      <object_component id="oc-4e7">
         <name>.text:_isr:ADC12_ISR</name>
         <load_address>0x4400</load_address>
         <run_address>0x4400</run_address>
         <size>0x94</size>
         <input_file_ref idref="fl-5"/>
      </object_component>
      <object_component id="oc-4ed">
         <name>.text:_isr:UART_ISR</name>
         <load_address>0x4494</load_address>
         <run_address>0x4494</run_address>
         <size>0x54</size>
         <input_file_ref idref="fl-c"/>
      </object_component>
      <object_component id="oc-4e1">
         <name>.text:_isr:TIMER0_ISR</name>
         <load_address>0x44e8</load_address>
         <run_address>0x44e8</run_address>
         <size>0x3c</size>
         <input_file_ref idref="fl-b"/>
      </object_component>
      <object_component id="oc-505">
         <name>.text:_isr:_c_int00_noargs</name>
         <load_address>0x4524</load_address>
         <run_address>0x4524</run_address>
         <size>0x1c</size>
         <input_file_ref idref="fl-64"/>
      </object_component>
      <object_component id="oc-4db">
         <name>.text:_isr:TIMER1_ISR</name>
         <load_address>0x4540</load_address>
         <run_address>0x4540</run_address>
         <size>0xe</size>
         <input_file_ref idref="fl-4"/>
      </object_component>
      <object_component id="oc-4d6">
         <name>.text:_isr:__TI_ISR_TRAP</name>
         <load_address>0x454e</load_address>
         <run_address>0x454e</run_address>
         <size>0x8</size>
         <input_file_ref idref="fl-3c"/>
      </object_component>
      <object_component id="oc-57f">
         <name>.text:main</name>
         <load_address>0x10000</load_address>
         <run_address>0x10000</run_address>
         <size>0x392</size>
         <input_file_ref idref="fl-2"/>
      </object_component>
      <object_component id="oc-610">
         <name>.text</name>
         <load_address>0x10392</load_address>
         <run_address>0x10392</run_address>
         <size>0x132</size>
         <input_file_ref idref="fl-54"/>
      </object_component>
      <object_component id="oc-60b">
         <name>.text</name>
         <load_address>0x104c4</load_address>
         <run_address>0x104c4</run_address>
         <size>0xb8</size>
         <input_file_ref idref="fl-5a"/>
      </object_component>
      <object_component id="oc-620">
         <name>.text</name>
         <load_address>0x1057c</load_address>
         <run_address>0x1057c</run_address>
         <size>0x90</size>
         <input_file_ref idref="fl-56"/>
      </object_component>
      <object_component id="oc-79">
         <name>.text:decompress:lzss:__TI_decompress_lzss</name>
         <load_address>0x1060c</load_address>
         <run_address>0x1060c</run_address>
         <size>0x76</size>
         <input_file_ref idref="fl-39"/>
      </object_component>
      <object_component id="oc-679">
         <name>.text:gpio_init</name>
         <load_address>0x10682</load_address>
         <run_address>0x10682</run_address>
         <size>0x74</size>
         <input_file_ref idref="fl-7"/>
      </object_component>
      <object_component id="oc-5bb">
         <name>.text</name>
         <load_address>0x106f6</load_address>
         <run_address>0x106f6</run_address>
         <size>0x58</size>
         <input_file_ref idref="fl-58"/>
      </object_component>
      <object_component id="oc-64c">
         <name>.text:__TI_auto_init_nobinit_nopinit_hold_wdt:__TI_auto_init_nobinit_nopinit_hold_wdt</name>
         <load_address>0x1074e</load_address>
         <run_address>0x1074e</run_address>
         <size>0x54</size>
         <input_file_ref idref="fl-67"/>
      </object_component>
      <object_component id="oc-68b">
         <name>.text:get_top_variables</name>
         <load_address>0x107a2</load_address>
         <run_address>0x107a2</run_address>
         <size>0x4c</size>
         <input_file_ref idref="fl-4"/>
      </object_component>
      <object_component id="oc-61b">
         <name>.text</name>
         <load_address>0x107ee</load_address>
         <run_address>0x107ee</run_address>
         <size>0x4a</size>
         <input_file_ref idref="fl-55"/>
      </object_component>
      <object_component id="oc-5e1">
         <name>.text:uart_read</name>
         <load_address>0x10838</load_address>
         <run_address>0x10838</run_address>
         <size>0x4a</size>
         <input_file_ref idref="fl-c"/>
      </object_component>
      <object_component id="oc-6bb">
         <name>.text:spi_write</name>
         <load_address>0x10882</load_address>
         <run_address>0x10882</run_address>
         <size>0x46</size>
         <input_file_ref idref="fl-a"/>
      </object_component>
      <object_component id="oc-562">
         <name>.text</name>
         <load_address>0x108c8</load_address>
         <run_address>0x108c8</run_address>
         <size>0x40</size>
         <input_file_ref idref="fl-57"/>
      </object_component>
      <object_component id="oc-685">
         <name>.text:timerA_init</name>
         <load_address>0x10908</load_address>
         <run_address>0x10908</run_address>
         <size>0x3e</size>
         <input_file_ref idref="fl-b"/>
      </object_component>
      <object_component id="oc-5f7">
         <name>.text:au20xx_read_reg</name>
         <load_address>0x10946</load_address>
         <run_address>0x10946</run_address>
         <size>0x36</size>
         <input_file_ref idref="fl-3"/>
      </object_component>
      <object_component id="oc-605">
         <name>.text</name>
         <load_address>0x1097c</load_address>
         <run_address>0x1097c</run_address>
         <size>0x36</size>
         <input_file_ref idref="fl-59"/>
      </object_component>
      <object_component id="oc-6c3">
         <name>.text:spi_read</name>
         <load_address>0x109b2</load_address>
         <run_address>0x109b2</run_address>
         <size>0x34</size>
         <input_file_ref idref="fl-a"/>
      </object_component>
      <object_component id="oc-69d">
         <name>.text:strncpy</name>
         <load_address>0x109e6</load_address>
         <run_address>0x109e6</run_address>
         <size>0x32</size>
         <input_file_ref idref="fl-70"/>
      </object_component>
      <object_component id="oc-5d2">
         <name>.text:uart_init</name>
         <load_address>0x10a18</load_address>
         <run_address>0x10a18</run_address>
         <size>0x2c</size>
         <input_file_ref idref="fl-c"/>
      </object_component>
      <object_component id="oc-5f1">
         <name>.text:sensEn_delay_us</name>
         <load_address>0x10a44</load_address>
         <run_address>0x10a44</run_address>
         <size>0x2a</size>
         <input_file_ref idref="fl-4"/>
      </object_component>
      <object_component id="oc-5cc">
         <name>.text:aura_hw_init</name>
         <load_address>0x10a6e</load_address>
         <run_address>0x10a6e</run_address>
         <size>0x28</size>
         <input_file_ref idref="fl-2"/>
      </object_component>
      <object_component id="oc-5d8">
         <name>.text:timerA0_load_time</name>
         <load_address>0x10a96</load_address>
         <run_address>0x10a96</run_address>
         <size>0x28</size>
         <input_file_ref idref="fl-b"/>
      </object_component>
      <object_component id="oc-673">
         <name>.text:system_clock_init</name>
         <load_address>0x10abe</load_address>
         <run_address>0x10abe</run_address>
         <size>0x26</size>
         <input_file_ref idref="fl-8"/>
      </object_component>
      <object_component id="oc-615">
         <name>.text:absolute</name>
         <load_address>0x10ae4</load_address>
         <run_address>0x10ae4</run_address>
         <size>0x24</size>
         <input_file_ref idref="fl-4"/>
      </object_component>
      <object_component id="oc-4f3">
         <name>.text:decompress:ZI:__TI_zero_init_nomemset:__TI_zero_init_nomemset</name>
         <load_address>0x10b08</load_address>
         <run_address>0x10b08</run_address>
         <size>0x24</size>
         <input_file_ref idref="fl-53"/>
      </object_component>
      <object_component id="oc-558">
         <name>.text</name>
         <load_address>0x10b2c</load_address>
         <run_address>0x10b2c</run_address>
         <size>0x24</size>
         <input_file_ref idref="fl-5d"/>
      </object_component>
      <object_component id="oc-72f">
         <name>.text:spi_byte_read</name>
         <load_address>0x10b50</load_address>
         <run_address>0x10b50</run_address>
         <size>0x22</size>
         <input_file_ref idref="fl-a"/>
      </object_component>
      <object_component id="oc-603">
         <name>.text:read_temp_sensor</name>
         <load_address>0x10b72</load_address>
         <run_address>0x10b72</run_address>
         <size>0x20</size>
         <input_file_ref idref="fl-5"/>
      </object_component>
      <object_component id="oc-67f">
         <name>.text:spi_init</name>
         <load_address>0x10b92</load_address>
         <run_address>0x10b92</run_address>
         <size>0x20</size>
         <input_file_ref idref="fl-a"/>
      </object_component>
      <object_component id="oc-5eb">
         <name>.text:uart_send</name>
         <load_address>0x10bb2</load_address>
         <run_address>0x10bb2</run_address>
         <size>0x1e</size>
         <input_file_ref idref="fl-c"/>
      </object_component>
      <object_component id="oc-6c1">
         <name>.text:delay_us</name>
         <load_address>0x10bd0</load_address>
         <run_address>0x10bd0</run_address>
         <size>0x18</size>
         <input_file_ref idref="fl-4"/>
      </object_component>
      <object_component id="oc-55d">
         <name>.text</name>
         <load_address>0x10be8</load_address>
         <run_address>0x10be8</run_address>
         <size>0x18</size>
         <input_file_ref idref="fl-5c"/>
      </object_component>
      <object_component id="oc-727">
         <name>.text:spi_byte_write</name>
         <load_address>0x10c00</load_address>
         <run_address>0x10c00</run_address>
         <size>0x18</size>
         <input_file_ref idref="fl-a"/>
      </object_component>
      <object_component id="oc-697">
         <name>.text:memset</name>
         <load_address>0x10c18</load_address>
         <run_address>0x10c18</run_address>
         <size>0x16</size>
         <input_file_ref idref="fl-6f"/>
      </object_component>
      <object_component id="oc-6a7">
         <name>.text:timerA1_load_time</name>
         <load_address>0x10c2e</load_address>
         <run_address>0x10c2e</run_address>
         <size>0x16</size>
         <input_file_ref idref="fl-b"/>
      </object_component>
      <object_component id="oc-4c9">
         <name>.text:memcpy</name>
         <load_address>0x10c44</load_address>
         <run_address>0x10c44</run_address>
         <size>0x14</size>
         <input_file_ref idref="fl-6e"/>
      </object_component>
      <object_component id="oc-7f">
         <name>.text:decompress:none:__TI_decompress_none</name>
         <load_address>0x10c58</load_address>
         <run_address>0x10c58</run_address>
         <size>0x12</size>
         <input_file_ref idref="fl-3a"/>
      </object_component>
      <object_component id="oc-6d7">
         <name>.text</name>
         <load_address>0x10c6a</load_address>
         <run_address>0x10c6a</run_address>
         <size>0xa</size>
         <input_file_ref idref="fl-62"/>
      </object_component>
      <object_component id="oc-628">
         <name>.text:abort</name>
         <load_address>0x10c74</load_address>
         <run_address>0x10c74</run_address>
         <size>0x6</size>
         <input_file_ref idref="fl-6b"/>
      </object_component>
      <object_component id="oc-579">
         <name>.text:_system_pre_init</name>
         <load_address>0x10c7a</load_address>
         <run_address>0x10c7a</run_address>
         <size>0x4</size>
         <input_file_ref idref="fl-69"/>
      </object_component>
      <object_component id="oc-6f1">
         <name>.text:_system_post_cinit</name>
         <load_address>0x10c7e</load_address>
         <run_address>0x10c7e</run_address>
         <size>0x2</size>
         <input_file_ref idref="fl-68"/>
      </object_component>
      <object_component id="oc-5de">
         <name>.bss:uart_top_variable</name>
         <uninitialized>true</uninitialized>
         <run_address>0x1c64</run_address>
         <size>0x64</size>
         <input_file_ref idref="fl-2"/>
      </object_component>
      <object_component id="oc-600">
         <name>.bss</name>
         <uninitialized>true</uninitialized>
         <run_address>0x1cf4</run_address>
         <size>0x6</size>
         <input_file_ref idref="fl-2"/>
      </object_component>
      <object_component id="oc-552">
         <name>.bss</name>
         <uninitialized>true</uninitialized>
         <run_address>0x1cec</run_address>
         <size>0x7</size>
         <input_file_ref idref="fl-5"/>
      </object_component>
      <object_component id="oc-726">
         <name>.bss</name>
         <uninitialized>true</uninitialized>
         <run_address>0x1ce0</run_address>
         <size>0xc</size>
         <input_file_ref idref="fl-a"/>
      </object_component>
      <object_component id="oc-56d">
         <name>.bss:uart_rx_buffer</name>
         <uninitialized>true</uninitialized>
         <run_address>0x1c00</run_address>
         <size>0x64</size>
         <input_file_ref idref="fl-c"/>
      </object_component>
      <object_component id="oc-696">
         <name>.bss</name>
         <uninitialized>true</uninitialized>
         <run_address>0x1d08</run_address>
         <size>0x2</size>
         <input_file_ref idref="fl-c"/>
      </object_component>
      <object_component id="oc-5fd">
         <name>.common:offset_reg_values</name>
         <uninitialized>true</uninitialized>
         <run_address>0x1cfa</run_address>
         <size>0x6</size>
      </object_component>
      <object_component id="oc-60a">
         <name>.common:system_settings</name>
         <uninitialized>true</uninitialized>
         <run_address>0x1cc8</run_address>
         <size>0x18</size>
      </object_component>
      <object_component id="oc-625">
         <name>.common:delta_XC</name>
         <uninitialized>true</uninitialized>
         <run_address>0x1d00</run_address>
         <size>0x4</size>
      </object_component>
      <object_component id="oc-626">
         <name>.common:delta_YC</name>
         <uninitialized>true</uninitialized>
         <run_address>0x1d04</run_address>
         <size>0x4</size>
      </object_component>
      <object_component id="oc-5e7">
         <name>.data</name>
         <load_address>0x1d0a</load_address>
         <run_address>0x1d0a</run_address>
         <size>0x44</size>
         <input_file_ref idref="fl-2"/>
      </object_component>
      <object_component id="oc-6ae">
         <name>.data</name>
         <load_address>0x1d60</load_address>
         <run_address>0x1d60</run_address>
         <size>0x7</size>
         <input_file_ref idref="fl-3"/>
      </object_component>
      <object_component id="oc-541">
         <name>.data</name>
         <load_address>0x1d68</load_address>
         <run_address>0x1d68</run_address>
         <size>0x6</size>
         <input_file_ref idref="fl-4"/>
      </object_component>
      <object_component id="oc-54b">
         <name>.data</name>
         <load_address>0x1d6e</load_address>
         <run_address>0x1d6e</run_address>
         <size>0x4</size>
         <input_file_ref idref="fl-5"/>
      </object_component>
      <object_component id="oc-548">
         <name>.data</name>
         <load_address>0x1d4e</load_address>
         <run_address>0x1d4e</run_address>
         <size>0xa</size>
         <input_file_ref idref="fl-b"/>
      </object_component>
      <object_component id="oc-54e">
         <name>.data</name>
         <load_address>0x1d58</load_address>
         <run_address>0x1d58</run_address>
         <size>0x8</size>
         <input_file_ref idref="fl-c"/>
      </object_component>
      <object_component id="oc-4ba">
         <name>.stack</name>
         <uninitialized>true</uninitialized>
         <run_address>0x2360</run_address>
         <size>0x4</size>
         <input_file_ref idref="fl-64"/>
      </object_component>
      <object_component id="oc-7eb">
         <name>.stack</name>
         <uninitialized>true</uninitialized>
         <run_address>0x2360</run_address>
         <size>0x0</size>
      </object_component>
      <object_component id="oc-85">
         <name>.int27</name>
         <load_address>0xffc6</load_address>
         <run_address>0xffc6</run_address>
         <size>0x2</size>
         <input_file_ref idref="fl-3b"/>
      </object_component>
      <object_component id="oc-86">
         <name>.int28</name>
         <load_address>0xffc8</load_address>
         <run_address>0xffc8</run_address>
         <size>0x2</size>
         <input_file_ref idref="fl-3d"/>
      </object_component>
      <object_component id="oc-87">
         <name>.int29</name>
         <load_address>0xffca</load_address>
         <run_address>0xffca</run_address>
         <size>0x2</size>
         <input_file_ref idref="fl-3e"/>
      </object_component>
      <object_component id="oc-88">
         <name>.int30</name>
         <load_address>0xffcc</load_address>
         <run_address>0xffcc</run_address>
         <size>0x2</size>
         <input_file_ref idref="fl-3f"/>
      </object_component>
      <object_component id="oc-89">
         <name>.int31</name>
         <load_address>0xffce</load_address>
         <run_address>0xffce</run_address>
         <size>0x2</size>
         <input_file_ref idref="fl-40"/>
      </object_component>
      <object_component id="oc-8a">
         <name>.int32</name>
         <load_address>0xffd0</load_address>
         <run_address>0xffd0</run_address>
         <size>0x2</size>
         <input_file_ref idref="fl-41"/>
      </object_component>
      <object_component id="oc-8b">
         <name>.int33</name>
         <load_address>0xffd2</load_address>
         <run_address>0xffd2</run_address>
         <size>0x2</size>
         <input_file_ref idref="fl-42"/>
      </object_component>
      <object_component id="oc-8c">
         <name>.int34</name>
         <load_address>0xffd4</load_address>
         <run_address>0xffd4</run_address>
         <size>0x2</size>
         <input_file_ref idref="fl-43"/>
      </object_component>
      <object_component id="oc-8d">
         <name>.int35</name>
         <load_address>0xffd6</load_address>
         <run_address>0xffd6</run_address>
         <size>0x2</size>
         <input_file_ref idref="fl-44"/>
      </object_component>
      <object_component id="oc-8e">
         <name>.int36</name>
         <load_address>0xffd8</load_address>
         <run_address>0xffd8</run_address>
         <size>0x2</size>
         <input_file_ref idref="fl-45"/>
      </object_component>
      <object_component id="oc-8f">
         <name>.int37</name>
         <load_address>0xffda</load_address>
         <run_address>0xffda</run_address>
         <size>0x2</size>
         <input_file_ref idref="fl-46"/>
      </object_component>
      <object_component id="oc-90">
         <name>.int38</name>
         <load_address>0xffdc</load_address>
         <run_address>0xffdc</run_address>
         <size>0x2</size>
         <input_file_ref idref="fl-47"/>
      </object_component>
      <object_component id="oc-91">
         <name>.int39</name>
         <load_address>0xffde</load_address>
         <run_address>0xffde</run_address>
         <size>0x2</size>
         <input_file_ref idref="fl-4"/>
      </object_component>
      <object_component id="oc-92">
         <name>.int40</name>
         <load_address>0xffe0</load_address>
         <run_address>0xffe0</run_address>
         <size>0x2</size>
         <input_file_ref idref="fl-48"/>
      </object_component>
      <object_component id="oc-93">
         <name>.int41</name>
         <load_address>0xffe2</load_address>
         <run_address>0xffe2</run_address>
         <size>0x2</size>
         <input_file_ref idref="fl-49"/>
      </object_component>
      <object_component id="oc-94">
         <name>.int42</name>
         <load_address>0xffe4</load_address>
         <run_address>0xffe4</run_address>
         <size>0x2</size>
         <input_file_ref idref="fl-4a"/>
      </object_component>
      <object_component id="oc-95">
         <name>.int43</name>
         <load_address>0xffe6</load_address>
         <run_address>0xffe6</run_address>
         <size>0x2</size>
         <input_file_ref idref="fl-4b"/>
      </object_component>
      <object_component id="oc-96">
         <name>.int44</name>
         <load_address>0xffe8</load_address>
         <run_address>0xffe8</run_address>
         <size>0x2</size>
         <input_file_ref idref="fl-b"/>
      </object_component>
      <object_component id="oc-97">
         <name>.int45</name>
         <load_address>0xffea</load_address>
         <run_address>0xffea</run_address>
         <size>0x2</size>
         <input_file_ref idref="fl-5"/>
      </object_component>
      <object_component id="oc-98">
         <name>.int46</name>
         <load_address>0xffec</load_address>
         <run_address>0xffec</run_address>
         <size>0x2</size>
         <input_file_ref idref="fl-4c"/>
      </object_component>
      <object_component id="oc-99">
         <name>.int47</name>
         <load_address>0xffee</load_address>
         <run_address>0xffee</run_address>
         <size>0x2</size>
         <input_file_ref idref="fl-c"/>
      </object_component>
      <object_component id="oc-9a">
         <name>.int49</name>
         <load_address>0xfff2</load_address>
         <run_address>0xfff2</run_address>
         <size>0x2</size>
         <input_file_ref idref="fl-4d"/>
      </object_component>
      <object_component id="oc-9b">
         <name>.int50</name>
         <load_address>0xfff4</load_address>
         <run_address>0xfff4</run_address>
         <size>0x2</size>
         <input_file_ref idref="fl-4e"/>
      </object_component>
      <object_component id="oc-9c">
         <name>.int51</name>
         <load_address>0xfff6</load_address>
         <run_address>0xfff6</run_address>
         <size>0x2</size>
         <input_file_ref idref="fl-4f"/>
      </object_component>
      <object_component id="oc-9d">
         <name>.int52</name>
         <load_address>0xfff8</load_address>
         <run_address>0xfff8</run_address>
         <size>0x2</size>
         <input_file_ref idref="fl-50"/>
      </object_component>
      <object_component id="oc-9e">
         <name>.int53</name>
         <load_address>0xfffa</load_address>
         <run_address>0xfffa</run_address>
         <size>0x2</size>
         <input_file_ref idref="fl-51"/>
      </object_component>
      <object_component id="oc-9f">
         <name>.int54</name>
         <load_address>0xfffc</load_address>
         <run_address>0xfffc</run_address>
         <size>0x2</size>
         <input_file_ref idref="fl-52"/>
      </object_component>
      <object_component id="oc-4bd">
         <name>.reset</name>
         <load_address>0xfffe</load_address>
         <run_address>0xfffe</run_address>
         <size>0x2</size>
         <input_file_ref idref="fl-64"/>
      </object_component>
      <object_component id="oc-5fe">
         <name>.debug_info</name>
         <load_address>0x0</load_address>
         <run_address>0x0</run_address>
         <size>0x577</size>
         <input_file_ref idref="fl-2"/>
      </object_component>
      <object_component id="oc-5e8">
         <name>.debug_info</name>
         <load_address>0x577</load_address>
         <run_address>0x577</run_address>
         <size>0x43d</size>
         <input_file_ref idref="fl-2"/>
      </object_component>
      <object_component id="oc-5df">
         <name>.debug_info</name>
         <load_address>0x9b4</load_address>
         <run_address>0x9b4</run_address>
         <size>0xf3</size>
         <input_file_ref idref="fl-2"/>
      </object_component>
      <object_component id="oc-601">
         <name>.debug_info</name>
         <load_address>0xaa7</load_address>
         <run_address>0xaa7</run_address>
         <size>0x105</size>
         <input_file_ref idref="fl-2"/>
      </object_component>
      <object_component id="oc-5cd">
         <name>.debug_info</name>
         <load_address>0xbac</load_address>
         <run_address>0xbac</run_address>
         <size>0x18d</size>
         <input_file_ref idref="fl-2"/>
      </object_component>
      <object_component id="oc-580">
         <name>.debug_info</name>
         <load_address>0xd39</load_address>
         <run_address>0xd39</run_address>
         <size>0x462</size>
         <input_file_ref idref="fl-2"/>
      </object_component>
      <object_component id="oc-6cd">
         <name>.debug_info</name>
         <load_address>0x119b</load_address>
         <run_address>0x119b</run_address>
         <size>0x112</size>
         <input_file_ref idref="fl-2"/>
      </object_component>
      <object_component id="oc-669">
         <name>.debug_info</name>
         <load_address>0x12ad</load_address>
         <run_address>0x12ad</run_address>
         <size>0x26b</size>
         <input_file_ref idref="fl-2"/>
      </object_component>
      <object_component id="oc-5a4">
         <name>.debug_info</name>
         <load_address>0x1518</load_address>
         <run_address>0x1518</run_address>
         <size>0x8b</size>
         <input_file_ref idref="fl-2"/>
      </object_component>
      <object_component id="oc-5c1">
         <name>.debug_info</name>
         <load_address>0x15a3</load_address>
         <run_address>0x15a3</run_address>
         <size>0x282</size>
         <input_file_ref idref="fl-2"/>
      </object_component>
      <object_component id="oc-568">
         <name>.debug_info</name>
         <load_address>0x1825</load_address>
         <run_address>0x1825</run_address>
         <size>0xbb</size>
         <input_file_ref idref="fl-2"/>
      </object_component>
      <object_component id="oc-6ca">
         <name>.debug_info</name>
         <load_address>0x18e0</load_address>
         <run_address>0x18e0</run_address>
         <size>0x26b</size>
         <input_file_ref idref="fl-3"/>
      </object_component>
      <object_component id="oc-6b5">
         <name>.debug_info</name>
         <load_address>0x1b4b</load_address>
         <run_address>0x1b4b</run_address>
         <size>0x1fa</size>
         <input_file_ref idref="fl-3"/>
      </object_component>
      <object_component id="oc-6af">
         <name>.debug_info</name>
         <load_address>0x1d45</load_address>
         <run_address>0x1d45</run_address>
         <size>0x1b0</size>
         <input_file_ref idref="fl-3"/>
      </object_component>
      <object_component id="oc-5f8">
         <name>.debug_info</name>
         <load_address>0x1ef5</load_address>
         <run_address>0x1ef5</run_address>
         <size>0x207</size>
         <input_file_ref idref="fl-3"/>
      </object_component>
      <object_component id="oc-6b2">
         <name>.debug_info</name>
         <load_address>0x20fc</load_address>
         <run_address>0x20fc</run_address>
         <size>0x199</size>
         <input_file_ref idref="fl-3"/>
      </object_component>
      <object_component id="oc-6b8">
         <name>.debug_info</name>
         <load_address>0x2295</load_address>
         <run_address>0x2295</run_address>
         <size>0x2bd</size>
         <input_file_ref idref="fl-3"/>
      </object_component>
      <object_component id="oc-718">
         <name>.debug_info</name>
         <load_address>0x2552</load_address>
         <run_address>0x2552</run_address>
         <size>0x285</size>
         <input_file_ref idref="fl-4"/>
      </object_component>
      <object_component id="oc-542">
         <name>.debug_info</name>
         <load_address>0x27d7</load_address>
         <run_address>0x27d7</run_address>
         <size>0x130</size>
         <input_file_ref idref="fl-4"/>
      </object_component>
      <object_component id="oc-5f4">
         <name>.debug_info</name>
         <load_address>0x2907</load_address>
         <run_address>0x2907</run_address>
         <size>0x17d</size>
         <input_file_ref idref="fl-4"/>
      </object_component>
      <object_component id="oc-68d">
         <name>.debug_info</name>
         <load_address>0x2a84</load_address>
         <run_address>0x2a84</run_address>
         <size>0x197</size>
         <input_file_ref idref="fl-4"/>
      </object_component>
      <object_component id="oc-544">
         <name>.debug_info</name>
         <load_address>0x2c1b</load_address>
         <run_address>0x2c1b</run_address>
         <size>0x17a</size>
         <input_file_ref idref="fl-4"/>
      </object_component>
      <object_component id="oc-617">
         <name>.debug_info</name>
         <load_address>0x2d95</load_address>
         <run_address>0x2d95</run_address>
         <size>0x186</size>
         <input_file_ref idref="fl-4"/>
      </object_component>
      <object_component id="oc-4de">
         <name>.debug_info</name>
         <load_address>0x2f1b</load_address>
         <run_address>0x2f1b</run_address>
         <size>0x12f</size>
         <input_file_ref idref="fl-4"/>
      </object_component>
      <object_component id="oc-5b2">
         <name>.debug_info</name>
         <load_address>0x304a</load_address>
         <run_address>0x304a</run_address>
         <size>0x330</size>
         <input_file_ref idref="fl-5"/>
      </object_component>
      <object_component id="oc-556">
         <name>.debug_info</name>
         <load_address>0x337a</load_address>
         <run_address>0x337a</run_address>
         <size>0x127</size>
         <input_file_ref idref="fl-5"/>
      </object_component>
      <object_component id="oc-54c">
         <name>.debug_info</name>
         <load_address>0x34a1</load_address>
         <run_address>0x34a1</run_address>
         <size>0x102</size>
         <input_file_ref idref="fl-5"/>
      </object_component>
      <object_component id="oc-553">
         <name>.debug_info</name>
         <load_address>0x35a3</load_address>
         <run_address>0x35a3</run_address>
         <size>0x1a0</size>
         <input_file_ref idref="fl-5"/>
      </object_component>
      <object_component id="oc-4e9">
         <name>.debug_info</name>
         <load_address>0x3743</load_address>
         <run_address>0x3743</run_address>
         <size>0x197</size>
         <input_file_ref idref="fl-5"/>
      </object_component>
      <object_component id="oc-67b">
         <name>.debug_info</name>
         <load_address>0x38da</load_address>
         <run_address>0x38da</run_address>
         <size>0x12f</size>
         <input_file_ref idref="fl-7"/>
      </object_component>
      <object_component id="oc-4c4">
         <name>.debug_info</name>
         <load_address>0x3a09</load_address>
         <run_address>0x3a09</run_address>
         <size>0x84</size>
         <input_file_ref idref="fl-7"/>
      </object_component>
      <object_component id="oc-677">
         <name>.debug_info</name>
         <load_address>0x3a8d</load_address>
         <run_address>0x3a8d</run_address>
         <size>0x13c</size>
         <input_file_ref idref="fl-8"/>
      </object_component>
      <object_component id="oc-72e">
         <name>.debug_info</name>
         <load_address>0x3bc9</load_address>
         <run_address>0x3bc9</run_address>
         <size>0x289</size>
         <input_file_ref idref="fl-a"/>
      </object_component>
      <object_component id="oc-729">
         <name>.debug_info</name>
         <load_address>0x3e52</load_address>
         <run_address>0x3e52</run_address>
         <size>0x157</size>
         <input_file_ref idref="fl-a"/>
      </object_component>
      <object_component id="oc-6bd">
         <name>.debug_info</name>
         <load_address>0x3fa9</load_address>
         <run_address>0x3fa9</run_address>
         <size>0x1eb</size>
         <input_file_ref idref="fl-a"/>
      </object_component>
      <object_component id="oc-731">
         <name>.debug_info</name>
         <load_address>0x4194</load_address>
         <run_address>0x4194</run_address>
         <size>0x137</size>
         <input_file_ref idref="fl-a"/>
      </object_component>
      <object_component id="oc-6c5">
         <name>.debug_info</name>
         <load_address>0x42cb</load_address>
         <run_address>0x42cb</run_address>
         <size>0x1d9</size>
         <input_file_ref idref="fl-a"/>
      </object_component>
      <object_component id="oc-680">
         <name>.debug_info</name>
         <load_address>0x44a4</load_address>
         <run_address>0x44a4</run_address>
         <size>0x12a</size>
         <input_file_ref idref="fl-a"/>
      </object_component>
      <object_component id="oc-5af">
         <name>.debug_info</name>
         <load_address>0x45ce</load_address>
         <run_address>0x45ce</run_address>
         <size>0x36a</size>
         <input_file_ref idref="fl-b"/>
      </object_component>
      <object_component id="oc-549">
         <name>.debug_info</name>
         <load_address>0x4938</load_address>
         <run_address>0x4938</run_address>
         <size>0x18b</size>
         <input_file_ref idref="fl-b"/>
      </object_component>
      <object_component id="oc-689">
         <name>.debug_info</name>
         <load_address>0x4ac3</load_address>
         <run_address>0x4ac3</run_address>
         <size>0x139</size>
         <input_file_ref idref="fl-b"/>
      </object_component>
      <object_component id="oc-6ab">
         <name>.debug_info</name>
         <load_address>0x4bfc</load_address>
         <run_address>0x4bfc</run_address>
         <size>0x16b</size>
         <input_file_ref idref="fl-b"/>
      </object_component>
      <object_component id="oc-5dc">
         <name>.debug_info</name>
         <load_address>0x4d67</load_address>
         <run_address>0x4d67</run_address>
         <size>0x18f</size>
         <input_file_ref idref="fl-b"/>
      </object_component>
      <object_component id="oc-4e4">
         <name>.debug_info</name>
         <load_address>0x4ef6</load_address>
         <run_address>0x4ef6</run_address>
         <size>0x13b</size>
         <input_file_ref idref="fl-b"/>
      </object_component>
      <object_component id="oc-5c8">
         <name>.debug_info</name>
         <load_address>0x5031</load_address>
         <run_address>0x5031</run_address>
         <size>0x31d</size>
         <input_file_ref idref="fl-c"/>
      </object_component>
      <object_component id="oc-54f">
         <name>.debug_info</name>
         <load_address>0x534e</load_address>
         <run_address>0x534e</run_address>
         <size>0x188</size>
         <input_file_ref idref="fl-c"/>
      </object_component>
      <object_component id="oc-56e">
         <name>.debug_info</name>
         <load_address>0x54d6</load_address>
         <run_address>0x54d6</run_address>
         <size>0xf8</size>
         <input_file_ref idref="fl-c"/>
      </object_component>
      <object_component id="oc-5ec">
         <name>.debug_info</name>
         <load_address>0x55ce</load_address>
         <run_address>0x55ce</run_address>
         <size>0x19c</size>
         <input_file_ref idref="fl-c"/>
      </object_component>
      <object_component id="oc-5e2">
         <name>.debug_info</name>
         <load_address>0x576a</load_address>
         <run_address>0x576a</run_address>
         <size>0x1a0</size>
         <input_file_ref idref="fl-c"/>
      </object_component>
      <object_component id="oc-5d3">
         <name>.debug_info</name>
         <load_address>0x590a</load_address>
         <run_address>0x590a</run_address>
         <size>0x12f</size>
         <input_file_ref idref="fl-c"/>
      </object_component>
      <object_component id="oc-4ee">
         <name>.debug_info</name>
         <load_address>0x5a39</load_address>
         <run_address>0x5a39</run_address>
         <size>0x12f</size>
         <input_file_ref idref="fl-c"/>
      </object_component>
      <object_component id="oc-539">
         <name>.debug_info</name>
         <load_address>0x5b68</load_address>
         <run_address>0x5b68</run_address>
         <size>0x2c</size>
         <input_file_ref idref="fl-c"/>
      </object_component>
      <object_component id="oc-536">
         <name>.debug_info</name>
         <load_address>0x5b94</load_address>
         <run_address>0x5b94</run_address>
         <size>0x17b</size>
         <input_file_ref idref="fl-39"/>
      </object_component>
      <object_component id="oc-7d">
         <name>.debug_info</name>
         <load_address>0x5d0f</load_address>
         <run_address>0x5d0f</run_address>
         <size>0x250</size>
         <input_file_ref idref="fl-39"/>
      </object_component>
      <object_component id="oc-4bf">
         <name>.debug_info</name>
         <load_address>0x5f5f</load_address>
         <run_address>0x5f5f</run_address>
         <size>0x60</size>
         <input_file_ref idref="fl-39"/>
      </object_component>
      <object_component id="oc-59b">
         <name>.debug_info</name>
         <load_address>0x5fbf</load_address>
         <run_address>0x5fbf</run_address>
         <size>0x46</size>
         <input_file_ref idref="fl-39"/>
      </object_component>
      <object_component id="oc-531">
         <name>.debug_info</name>
         <load_address>0x6005</load_address>
         <run_address>0x6005</run_address>
         <size>0x39</size>
         <input_file_ref idref="fl-39"/>
      </object_component>
      <object_component id="oc-4d5">
         <name>.debug_info</name>
         <load_address>0x603e</load_address>
         <run_address>0x603e</run_address>
         <size>0x18f</size>
         <input_file_ref idref="fl-3a"/>
      </object_component>
      <object_component id="oc-83">
         <name>.debug_info</name>
         <load_address>0x61cd</load_address>
         <run_address>0x61cd</run_address>
         <size>0x1d3</size>
         <input_file_ref idref="fl-3a"/>
      </object_component>
      <object_component id="oc-4d0">
         <name>.debug_info</name>
         <load_address>0x63a0</load_address>
         <run_address>0x63a0</run_address>
         <size>0x46</size>
         <input_file_ref idref="fl-3a"/>
      </object_component>
      <object_component id="oc-4d7">
         <name>.debug_info</name>
         <load_address>0x63e6</load_address>
         <run_address>0x63e6</run_address>
         <size>0x10f</size>
         <input_file_ref idref="fl-3c"/>
      </object_component>
      <object_component id="oc-577">
         <name>.debug_info</name>
         <load_address>0x64f5</load_address>
         <run_address>0x64f5</run_address>
         <size>0x17f</size>
         <input_file_ref idref="fl-53"/>
      </object_component>
      <object_component id="oc-4f4">
         <name>.debug_info</name>
         <load_address>0x6674</load_address>
         <run_address>0x6674</run_address>
         <size>0x1d7</size>
         <input_file_ref idref="fl-53"/>
      </object_component>
      <object_component id="oc-572">
         <name>.debug_info</name>
         <load_address>0x684b</load_address>
         <run_address>0x684b</run_address>
         <size>0x46</size>
         <input_file_ref idref="fl-53"/>
      </object_component>
      <object_component id="oc-613">
         <name>.debug_info</name>
         <load_address>0x6891</load_address>
         <run_address>0x6891</run_address>
         <size>0x121</size>
         <input_file_ref idref="fl-54"/>
      </object_component>
      <object_component id="oc-61c">
         <name>.debug_info</name>
         <load_address>0x69b2</load_address>
         <run_address>0x69b2</run_address>
         <size>0x12d</size>
         <input_file_ref idref="fl-55"/>
      </object_component>
      <object_component id="oc-621">
         <name>.debug_info</name>
         <load_address>0x6adf</load_address>
         <run_address>0x6adf</run_address>
         <size>0x121</size>
         <input_file_ref idref="fl-56"/>
      </object_component>
      <object_component id="oc-564">
         <name>.debug_info</name>
         <load_address>0x6c00</load_address>
         <run_address>0x6c00</run_address>
         <size>0x138</size>
         <input_file_ref idref="fl-57"/>
      </object_component>
      <object_component id="oc-5bc">
         <name>.debug_info</name>
         <load_address>0x6d38</load_address>
         <run_address>0x6d38</run_address>
         <size>0x123</size>
         <input_file_ref idref="fl-58"/>
      </object_component>
      <object_component id="oc-607">
         <name>.debug_info</name>
         <load_address>0x6e5b</load_address>
         <run_address>0x6e5b</run_address>
         <size>0x12a</size>
         <input_file_ref idref="fl-59"/>
      </object_component>
      <object_component id="oc-60d">
         <name>.debug_info</name>
         <load_address>0x6f85</load_address>
         <run_address>0x6f85</run_address>
         <size>0x121</size>
         <input_file_ref idref="fl-5a"/>
      </object_component>
      <object_component id="oc-55e">
         <name>.debug_info</name>
         <load_address>0x70a6</load_address>
         <run_address>0x70a6</run_address>
         <size>0x130</size>
         <input_file_ref idref="fl-5c"/>
      </object_component>
      <object_component id="oc-55a">
         <name>.debug_info</name>
         <load_address>0x71d6</load_address>
         <run_address>0x71d6</run_address>
         <size>0x130</size>
         <input_file_ref idref="fl-5d"/>
      </object_component>
      <object_component id="oc-6d9">
         <name>.debug_info</name>
         <load_address>0x7306</load_address>
         <run_address>0x7306</run_address>
         <size>0x121</size>
         <input_file_ref idref="fl-62"/>
      </object_component>
      <object_component id="oc-4bb">
         <name>.debug_info</name>
         <load_address>0x7427</load_address>
         <run_address>0x7427</run_address>
         <size>0x100</size>
         <input_file_ref idref="fl-64"/>
      </object_component>
      <object_component id="oc-509">
         <name>.debug_info</name>
         <load_address>0x7527</load_address>
         <run_address>0x7527</run_address>
         <size>0x17a</size>
         <input_file_ref idref="fl-64"/>
      </object_component>
      <object_component id="oc-6f8">
         <name>.debug_info</name>
         <load_address>0x76a1</load_address>
         <run_address>0x76a1</run_address>
         <size>0x3fc</size>
         <input_file_ref idref="fl-67"/>
      </object_component>
      <object_component id="oc-64d">
         <name>.debug_info</name>
         <load_address>0x7a9d</load_address>
         <run_address>0x7a9d</run_address>
         <size>0x230</size>
         <input_file_ref idref="fl-67"/>
      </object_component>
      <object_component id="oc-750">
         <name>.debug_info</name>
         <load_address>0x7ccd</load_address>
         <run_address>0x7ccd</run_address>
         <size>0x39</size>
         <input_file_ref idref="fl-67"/>
      </object_component>
      <object_component id="oc-75c">
         <name>.debug_info</name>
         <load_address>0x7d06</load_address>
         <run_address>0x7d06</run_address>
         <size>0x2c</size>
         <input_file_ref idref="fl-67"/>
      </object_component>
      <object_component id="oc-703">
         <name>.debug_info</name>
         <load_address>0x7d32</load_address>
         <run_address>0x7d32</run_address>
         <size>0x2c</size>
         <input_file_ref idref="fl-67"/>
      </object_component>
      <object_component id="oc-755">
         <name>.debug_info</name>
         <load_address>0x7d5e</load_address>
         <run_address>0x7d5e</run_address>
         <size>0xcd</size>
         <input_file_ref idref="fl-67"/>
      </object_component>
      <object_component id="oc-6f2">
         <name>.debug_info</name>
         <load_address>0x7e2b</load_address>
         <run_address>0x7e2b</run_address>
         <size>0x150</size>
         <input_file_ref idref="fl-68"/>
      </object_component>
      <object_component id="oc-57b">
         <name>.debug_info</name>
         <load_address>0x7f7b</load_address>
         <run_address>0x7f7b</run_address>
         <size>0x153</size>
         <input_file_ref idref="fl-69"/>
      </object_component>
      <object_component id="oc-62c">
         <name>.debug_info</name>
         <load_address>0x80ce</load_address>
         <run_address>0x80ce</run_address>
         <size>0x122</size>
         <input_file_ref idref="fl-6b"/>
      </object_component>
      <object_component id="oc-538">
         <name>.debug_info</name>
         <load_address>0x81f0</load_address>
         <run_address>0x81f0</run_address>
         <size>0x19a</size>
         <input_file_ref idref="fl-6e"/>
      </object_component>
      <object_component id="oc-4ca">
         <name>.debug_info</name>
         <load_address>0x838a</load_address>
         <run_address>0x838a</run_address>
         <size>0x17a</size>
         <input_file_ref idref="fl-6e"/>
      </object_component>
      <object_component id="oc-71a">
         <name>.debug_info</name>
         <load_address>0x8504</load_address>
         <run_address>0x8504</run_address>
         <size>0x177</size>
         <input_file_ref idref="fl-6f"/>
      </object_component>
      <object_component id="oc-69b">
         <name>.debug_info</name>
         <load_address>0x867b</load_address>
         <run_address>0x867b</run_address>
         <size>0x275</size>
         <input_file_ref idref="fl-6f"/>
      </object_component>
      <object_component id="oc-71c">
         <name>.debug_info</name>
         <load_address>0x88f0</load_address>
         <run_address>0x88f0</run_address>
         <size>0x191</size>
         <input_file_ref idref="fl-70"/>
      </object_component>
      <object_component id="oc-69f">
         <name>.debug_info</name>
         <load_address>0x8a81</load_address>
         <run_address>0x8a81</run_address>
         <size>0x268</size>
         <input_file_ref idref="fl-70"/>
      </object_component>
      <object_component id="oc-7ee">
         <name>.debug_info</name>
         <load_address>0x8ce9</load_address>
         <run_address>0x8ce9</run_address>
         <size>0xb1</size>
      </object_component>
      <object_component id="oc-6cc">
         <name>.debug_line</name>
         <load_address>0x0</load_address>
         <run_address>0x0</run_address>
         <size>0x304</size>
         <input_file_ref idref="fl-2"/>
      </object_component>
      <object_component id="oc-6a5">
         <name>.debug_line</name>
         <load_address>0x304</load_address>
         <run_address>0x304</run_address>
         <size>0x2d</size>
         <input_file_ref idref="fl-2"/>
      </object_component>
      <object_component id="oc-695">
         <name>.debug_line</name>
         <load_address>0x331</load_address>
         <run_address>0x331</run_address>
         <size>0x2d</size>
         <input_file_ref idref="fl-2"/>
      </object_component>
      <object_component id="oc-6d3">
         <name>.debug_line</name>
         <load_address>0x35e</load_address>
         <run_address>0x35e</run_address>
         <size>0x2d</size>
         <input_file_ref idref="fl-2"/>
      </object_component>
      <object_component id="oc-5d0">
         <name>.debug_line</name>
         <load_address>0x38b</load_address>
         <run_address>0x38b</run_address>
         <size>0x49</size>
         <input_file_ref idref="fl-2"/>
      </object_component>
      <object_component id="oc-583">
         <name>.debug_line</name>
         <load_address>0x3d4</load_address>
         <run_address>0x3d4</run_address>
         <size>0x110</size>
         <input_file_ref idref="fl-2"/>
      </object_component>
      <object_component id="oc-6d0">
         <name>.debug_line</name>
         <load_address>0x4e4</load_address>
         <run_address>0x4e4</run_address>
         <size>0x73</size>
         <input_file_ref idref="fl-2"/>
      </object_component>
      <object_component id="oc-66c">
         <name>.debug_line</name>
         <load_address>0x557</load_address>
         <run_address>0x557</run_address>
         <size>0x72</size>
         <input_file_ref idref="fl-2"/>
      </object_component>
      <object_component id="oc-5a7">
         <name>.debug_line</name>
         <load_address>0x5c9</load_address>
         <run_address>0x5c9</run_address>
         <size>0x20</size>
         <input_file_ref idref="fl-2"/>
      </object_component>
      <object_component id="oc-5c4">
         <name>.debug_line</name>
         <load_address>0x5e9</load_address>
         <run_address>0x5e9</run_address>
         <size>0x76</size>
         <input_file_ref idref="fl-2"/>
      </object_component>
      <object_component id="oc-56b">
         <name>.debug_line</name>
         <load_address>0x65f</load_address>
         <run_address>0x65f</run_address>
         <size>0x73</size>
         <input_file_ref idref="fl-2"/>
      </object_component>
      <object_component id="oc-737">
         <name>.debug_line</name>
         <load_address>0x6d2</load_address>
         <run_address>0x6d2</run_address>
         <size>0x15d</size>
         <input_file_ref idref="fl-3"/>
      </object_component>
      <object_component id="oc-723">
         <name>.debug_line</name>
         <load_address>0x82f</load_address>
         <run_address>0x82f</run_address>
         <size>0x59</size>
         <input_file_ref idref="fl-3"/>
      </object_component>
      <object_component id="oc-71f">
         <name>.debug_line</name>
         <load_address>0x888</load_address>
         <run_address>0x888</run_address>
         <size>0x57</size>
         <input_file_ref idref="fl-3"/>
      </object_component>
      <object_component id="oc-5fb">
         <name>.debug_line</name>
         <load_address>0x8df</load_address>
         <run_address>0x8df</run_address>
         <size>0x59</size>
         <input_file_ref idref="fl-3"/>
      </object_component>
      <object_component id="oc-721">
         <name>.debug_line</name>
         <load_address>0x938</load_address>
         <run_address>0x938</run_address>
         <size>0x57</size>
         <input_file_ref idref="fl-3"/>
      </object_component>
      <object_component id="oc-725">
         <name>.debug_line</name>
         <load_address>0x98f</load_address>
         <run_address>0x98f</run_address>
         <size>0x6c</size>
         <input_file_ref idref="fl-3"/>
      </object_component>
      <object_component id="oc-762">
         <name>.debug_line</name>
         <load_address>0x9fb</load_address>
         <run_address>0x9fb</run_address>
         <size>0x10a</size>
         <input_file_ref idref="fl-4"/>
      </object_component>
      <object_component id="oc-5aa">
         <name>.debug_line</name>
         <load_address>0xb05</load_address>
         <run_address>0xb05</run_address>
         <size>0x36</size>
         <input_file_ref idref="fl-4"/>
      </object_component>
      <object_component id="oc-5f3">
         <name>.debug_line</name>
         <load_address>0xb3b</load_address>
         <run_address>0xb3b</run_address>
         <size>0x57</size>
         <input_file_ref idref="fl-4"/>
      </object_component>
      <object_component id="oc-68c">
         <name>.debug_line</name>
         <load_address>0xb92</load_address>
         <run_address>0xb92</run_address>
         <size>0x60</size>
         <input_file_ref idref="fl-4"/>
      </object_component>
      <object_component id="oc-5ac">
         <name>.debug_line</name>
         <load_address>0xbf2</load_address>
         <run_address>0xbf2</run_address>
         <size>0x58</size>
         <input_file_ref idref="fl-4"/>
      </object_component>
      <object_component id="oc-61a">
         <name>.debug_line</name>
         <load_address>0xc4a</load_address>
         <run_address>0xc4a</run_address>
         <size>0x4c</size>
         <input_file_ref idref="fl-4"/>
      </object_component>
      <object_component id="oc-4dd">
         <name>.debug_line</name>
         <load_address>0xc96</load_address>
         <run_address>0xc96</run_address>
         <size>0x4e</size>
         <input_file_ref idref="fl-4"/>
      </object_component>
      <object_component id="oc-66f">
         <name>.debug_line</name>
         <load_address>0xce4</load_address>
         <run_address>0xce4</run_address>
         <size>0x9d</size>
         <input_file_ref idref="fl-5"/>
      </object_component>
      <object_component id="oc-5b8">
         <name>.debug_line</name>
         <load_address>0xd81</load_address>
         <run_address>0xd81</run_address>
         <size>0x37</size>
         <input_file_ref idref="fl-5"/>
      </object_component>
      <object_component id="oc-5b1">
         <name>.debug_line</name>
         <load_address>0xdb8</load_address>
         <run_address>0xdb8</run_address>
         <size>0x37</size>
         <input_file_ref idref="fl-5"/>
      </object_component>
      <object_component id="oc-5b6">
         <name>.debug_line</name>
         <load_address>0xdef</load_address>
         <run_address>0xdef</run_address>
         <size>0x55</size>
         <input_file_ref idref="fl-5"/>
      </object_component>
      <object_component id="oc-4e8">
         <name>.debug_line</name>
         <load_address>0xe44</load_address>
         <run_address>0xe44</run_address>
         <size>0x67</size>
         <input_file_ref idref="fl-5"/>
      </object_component>
      <object_component id="oc-67a">
         <name>.debug_line</name>
         <load_address>0xeab</load_address>
         <run_address>0xeab</run_address>
         <size>0x5c</size>
         <input_file_ref idref="fl-7"/>
      </object_component>
      <object_component id="oc-4c7">
         <name>.debug_line</name>
         <load_address>0xf07</load_address>
         <run_address>0xf07</run_address>
         <size>0x20</size>
         <input_file_ref idref="fl-7"/>
      </object_component>
      <object_component id="oc-674">
         <name>.debug_line</name>
         <load_address>0xf27</load_address>
         <run_address>0xf27</run_address>
         <size>0x53</size>
         <input_file_ref idref="fl-8"/>
      </object_component>
      <object_component id="oc-769">
         <name>.debug_line</name>
         <load_address>0xf7a</load_address>
         <run_address>0xf7a</run_address>
         <size>0xaf</size>
         <input_file_ref idref="fl-a"/>
      </object_component>
      <object_component id="oc-728">
         <name>.debug_line</name>
         <load_address>0x1029</load_address>
         <run_address>0x1029</run_address>
         <size>0x54</size>
         <input_file_ref idref="fl-a"/>
      </object_component>
      <object_component id="oc-6bc">
         <name>.debug_line</name>
         <load_address>0x107d</load_address>
         <run_address>0x107d</run_address>
         <size>0x5e</size>
         <input_file_ref idref="fl-a"/>
      </object_component>
      <object_component id="oc-730">
         <name>.debug_line</name>
         <load_address>0x10db</load_address>
         <run_address>0x10db</run_address>
         <size>0x58</size>
         <input_file_ref idref="fl-a"/>
      </object_component>
      <object_component id="oc-6c4">
         <name>.debug_line</name>
         <load_address>0x1133</load_address>
         <run_address>0x1133</run_address>
         <size>0x57</size>
         <input_file_ref idref="fl-a"/>
      </object_component>
      <object_component id="oc-684">
         <name>.debug_line</name>
         <load_address>0x118a</load_address>
         <run_address>0x118a</run_address>
         <size>0x52</size>
         <input_file_ref idref="fl-a"/>
      </object_component>
      <object_component id="oc-668">
         <name>.debug_line</name>
         <load_address>0x11dc</load_address>
         <run_address>0x11dc</run_address>
         <size>0x11e</size>
         <input_file_ref idref="fl-b"/>
      </object_component>
      <object_component id="oc-5ae">
         <name>.debug_line</name>
         <load_address>0x12fa</load_address>
         <run_address>0x12fa</run_address>
         <size>0x3a</size>
         <input_file_ref idref="fl-b"/>
      </object_component>
      <object_component id="oc-687">
         <name>.debug_line</name>
         <load_address>0x1334</load_address>
         <run_address>0x1334</run_address>
         <size>0x5f</size>
         <input_file_ref idref="fl-b"/>
      </object_component>
      <object_component id="oc-6a8">
         <name>.debug_line</name>
         <load_address>0x1393</load_address>
         <run_address>0x1393</run_address>
         <size>0x53</size>
         <input_file_ref idref="fl-b"/>
      </object_component>
      <object_component id="oc-5da">
         <name>.debug_line</name>
         <load_address>0x13e6</load_address>
         <run_address>0x13e6</run_address>
         <size>0x59</size>
         <input_file_ref idref="fl-b"/>
      </object_component>
      <object_component id="oc-4e2">
         <name>.debug_line</name>
         <load_address>0x143f</load_address>
         <run_address>0x143f</run_address>
         <size>0x5f</size>
         <input_file_ref idref="fl-b"/>
      </object_component>
      <object_component id="oc-672">
         <name>.debug_line</name>
         <load_address>0x149e</load_address>
         <run_address>0x149e</run_address>
         <size>0xaa</size>
         <input_file_ref idref="fl-c"/>
      </object_component>
      <object_component id="oc-5b4">
         <name>.debug_line</name>
         <load_address>0x1548</load_address>
         <run_address>0x1548</run_address>
         <size>0x38</size>
         <input_file_ref idref="fl-c"/>
      </object_component>
      <object_component id="oc-5c7">
         <name>.debug_line</name>
         <load_address>0x1580</load_address>
         <run_address>0x1580</run_address>
         <size>0x38</size>
         <input_file_ref idref="fl-c"/>
      </object_component>
      <object_component id="oc-5f0">
         <name>.debug_line</name>
         <load_address>0x15b8</load_address>
         <run_address>0x15b8</run_address>
         <size>0x5d</size>
         <input_file_ref idref="fl-c"/>
      </object_component>
      <object_component id="oc-5e6">
         <name>.debug_line</name>
         <load_address>0x1615</load_address>
         <run_address>0x1615</run_address>
         <size>0x5a</size>
         <input_file_ref idref="fl-c"/>
      </object_component>
      <object_component id="oc-5d7">
         <name>.debug_line</name>
         <load_address>0x166f</load_address>
         <run_address>0x166f</run_address>
         <size>0x55</size>
         <input_file_ref idref="fl-c"/>
      </object_component>
      <object_component id="oc-4f2">
         <name>.debug_line</name>
         <load_address>0x16c4</load_address>
         <run_address>0x16c4</run_address>
         <size>0x61</size>
         <input_file_ref idref="fl-c"/>
      </object_component>
      <object_component id="oc-53c">
         <name>.debug_line</name>
         <load_address>0x1725</load_address>
         <run_address>0x1725</run_address>
         <size>0x6e</size>
         <input_file_ref idref="fl-c"/>
      </object_component>
      <object_component id="oc-5a1">
         <name>.debug_line</name>
         <load_address>0x1793</load_address>
         <run_address>0x1793</run_address>
         <size>0x20</size>
         <input_file_ref idref="fl-39"/>
      </object_component>
      <object_component id="oc-7a">
         <name>.debug_line</name>
         <load_address>0x17b3</load_address>
         <run_address>0x17b3</run_address>
         <size>0x99</size>
         <input_file_ref idref="fl-39"/>
      </object_component>
      <object_component id="oc-4c2">
         <name>.debug_line</name>
         <load_address>0x184c</load_address>
         <run_address>0x184c</run_address>
         <size>0x3a</size>
         <input_file_ref idref="fl-39"/>
      </object_component>
      <object_component id="oc-59e">
         <name>.debug_line</name>
         <load_address>0x1886</load_address>
         <run_address>0x1886</run_address>
         <size>0x9a</size>
         <input_file_ref idref="fl-39"/>
      </object_component>
      <object_component id="oc-534">
         <name>.debug_line</name>
         <load_address>0x1920</load_address>
         <run_address>0x1920</run_address>
         <size>0x96</size>
         <input_file_ref idref="fl-39"/>
      </object_component>
      <object_component id="oc-53f">
         <name>.debug_line</name>
         <load_address>0x19b6</load_address>
         <run_address>0x19b6</run_address>
         <size>0x20</size>
         <input_file_ref idref="fl-3a"/>
      </object_component>
      <object_component id="oc-82">
         <name>.debug_line</name>
         <load_address>0x19d6</load_address>
         <run_address>0x19d6</run_address>
         <size>0x50</size>
         <input_file_ref idref="fl-3a"/>
      </object_component>
      <object_component id="oc-4d3">
         <name>.debug_line</name>
         <load_address>0x1a26</load_address>
         <run_address>0x1a26</run_address>
         <size>0x3a</size>
         <input_file_ref idref="fl-3a"/>
      </object_component>
      <object_component id="oc-4da">
         <name>.debug_line</name>
         <load_address>0x1a60</load_address>
         <run_address>0x1a60</run_address>
[...]
      </symbol>
      <symbol id="sm-3fb">
         <name>UCB1I2COA1_H</name>
         <value>0x697</value>
      </symbol>
      <symbol id="sm-3fc">
         <name>UCB1I2COA2</name>
         <value>0x698</value>
      </symbol>
      <symbol id="sm-3fd">
         <name>UCB1I2COA2_L</name>
         <value>0x698</value>
      </symbol>
      <symbol id="sm-3fe">
         <name>UCB1I2COA2_H</name>
         <value>0x699</value>
      </symbol>
      <symbol id="sm-3ff">
         <name>UCB1I2COA3</name>
         <value>0x69a</value>
      </symbol>
      <symbol id="sm-400">
         <name>UCB1I2COA3_L</name>
         <value>0x69a</value>
      </symbol>
      <symbol id="sm-401">
         <name>UCB1I2COA3_H</name>
         <value>0x69b</value>
      </symbol>
      <symbol id="sm-402">
         <name>UCB1ADDRX</name>
         <value>0x69c</value>
      </symbol>
      <symbol id="sm-403">
         <name>UCB1ADDRX_L</name>
         <value>0x69c</value>
      </symbol>
      <symbol id="sm-404">
         <name>UCB1ADDRX_H</name>
         <value>0x69d</value>
      </symbol>
      <symbol id="sm-405">
         <name>UCB1ADDMASK</name>
         <value>0x69e</value>
      </symbol>
      <symbol id="sm-406">
         <name>UCB1ADDMASK_L</name>
         <value>0x69e</value>
      </symbol>
      <symbol id="sm-407">
         <name>UCB1ADDMASK_H</name>
         <value>0x69f</value>
      </symbol>
      <symbol id="sm-408">
         <name>UCB1I2CSA</name>
         <value>0x6a0</value>
      </symbol>
      <symbol id="sm-409">
         <name>UCB1I2CSA_L</name>
         <value>0x6a0</value>
      </symbol>
      <symbol id="sm-40a">
         <name>UCB1I2CSA_H</name>
         <value>0x6a1</value>
      </symbol>
      <symbol id="sm-40b">
         <name>UCB1IE</name>
         <value>0x6aa</value>
      </symbol>
      <symbol id="sm-40c">
         <name>UCB1IE_L</name>
         <value>0x6aa</value>
      </symbol>
      <symbol id="sm-40d">
         <name>UCB1IE_H</name>
         <value>0x6ab</value>
      </symbol>
      <symbol id="sm-40e">
         <name>UCB1IFG</name>
         <value>0x6ac</value>
      </symbol>
      <symbol id="sm-40f">
         <name>UCB1IFG_L</name>
         <value>0x6ac</value>
      </symbol>
      <symbol id="sm-410">
         <name>UCB1IFG_H</name>
         <value>0x6ad</value>
      </symbol>
      <symbol id="sm-411">
         <name>UCB1IV</name>
         <value>0x6ae</value>
      </symbol>
      <symbol id="sm-412">
         <name>WDTCTL</name>
         <value>0x15c</value>
      </symbol>
      <symbol id="sm-413">
         <name>WDTCTL_L</name>
         <value>0x15c</value>
      </symbol>
      <symbol id="sm-414">
         <name>WDTCTL_H</name>
         <value>0x15d</value>
      </symbol>
      <symbol id="sm-415">
         <name>fram_rw_start</name>
         <value>0x4400</value>
      </symbol>
      <symbol id="sm-416">
         <name>fram_ipe_start</name>
         <value>0x4400</value>
      </symbol>
      <symbol id="sm-417">
         <name>fram_ipe_end</name>
         <value>0x4400</value>
      </symbol>
      <symbol id="sm-418">
         <name>fram_rx_start</name>
         <value>0x4400</value>
      </symbol>
      <symbol id="sm-419">
         <name>__TI_CINIT_Base</name>
         <value>0x4584</value>
      </symbol>
      <symbol id="sm-41a">
         <name>__TI_CINIT_Limit</name>
         <value>0x4594</value>
      </symbol>
      <symbol id="sm-41b">
         <name>__TI_Handler_Table_Base</name>
         <value>0x4572</value>
      </symbol>
      <symbol id="sm-41c">
         <name>__TI_Handler_Table_Limit</name>
         <value>0x457e</value>
      </symbol>
      <symbol id="sm-41d">
         <name>__STACK_SIZE</name>
         <value>0xa0</value>
      </symbol>
      <symbol id="sm-41e">
         <name>__STACK_END</name>
         <value>0x2400</value>
      </symbol>
      <symbol id="sm-41f">
         <name>__c_args__</name>
         <value>0xffffffff</value>
      </symbol>
      <symbol id="sm-420">
         <name>__TI_pprof_out_hndl</name>
         <value>0xffffffff</value>
      </symbol>
      <symbol id="sm-421">
         <name>__TI_prof_data_start</name>
         <value>0xffffffff</value>
      </symbol>
      <symbol id="sm-422">
         <name>__TI_prof_data_size</name>
         <value>0xffffffff</value>
      </symbol>
      <symbol id="sm-4da">
         <name>offset_reg_values</name>
         <value>0x1cfa</value>
      </symbol>
      <symbol id="sm-4db">
         <name>system_settings</name>
         <value>0x1cc8</value>
      </symbol>
      <symbol id="sm-4dc">
         <name>delta_XC</name>
         <value>0x1d00</value>
      </symbol>
      <symbol id="sm-4dd">
         <name>delta_YC</name>
         <value>0x1d04</value>
      </symbol>
      <symbol id="sm-4de">
         <name>cd2_value_corr</name>
         <value>0x1d12</value>
         <object_component_ref idref="oc-5e7"/>
      </symbol>
      <symbol id="sm-4df">
         <name>cd2_value_q16</name>
         <value>0x1d4c</value>
         <object_component_ref idref="oc-5e7"/>
      </symbol>
      <symbol id="sm-4e0">
         <name>cd1_value_q16</name>
         <value>0x1d4a</value>
         <object_component_ref idref="oc-5e7"/>
      </symbol>
      <symbol id="sm-4e1">
         <name>delta_x_abs</name>
         <value>0x1d2a</value>
         <object_component_ref idref="oc-5e7"/>
      </symbol>
      <symbol id="sm-4e2">
         <name>cd_rot_direction_x</name>
         <value>0x1d46</value>
         <object_component_ref idref="oc-5e7"/>
      </symbol>
      <symbol id="sm-4e3">
         <name>delta_y_abs</name>
         <value>0x1d2e</value>
         <object_component_ref idref="oc-5e7"/>
      </symbol>
      <symbol id="sm-4e4">
         <name>reg_data</name>
         <value>0x1d0a</value>
         <object_component_ref idref="oc-5e7"/>
      </symbol>
      <symbol id="sm-4e5">
         <name>aura_hw_init</name>
         <value>0x10a6e</value>
         <object_component_ref idref="oc-5cc"/>
      </symbol>
      <symbol id="sm-4e6">
         <name>main</name>
         <value>0x10000</value>
         <object_component_ref idref="oc-57f"/>
      </symbol>
      <symbol id="sm-4e7">
         <name>delta_previous_XC</name>
         <value>0x1d3e</value>
         <object_component_ref idref="oc-5e7"/>
      </symbol>
      <symbol id="sm-4e8">
         <name>delta_previous_YC</name>
         <value>0x1d42</value>
         <object_component_ref idref="oc-5e7"/>
      </symbol>
      <symbol id="sm-4e9">
         <name>cd2_previous_value</name>
         <value>0x1d1a</value>
         <object_component_ref idref="oc-5e7"/>
      </symbol>
      <symbol id="sm-4ea">
         <name>cd1_value_corr</name>
         <value>0x1d0e</value>
         <object_component_ref idref="oc-5e7"/>
      </symbol>
      <symbol id="sm-4eb">
         <name>cd1_previous_value</name>
         <value>0x1d16</value>
         <object_component_ref idref="oc-5e7"/>
      </symbol>
      <symbol id="sm-511">
         <name>au20xx_read_reg</name>
         <value>0x10946</value>
         <object_component_ref idref="oc-5f7"/>
      </symbol>
      <symbol id="sm-54a">
         <name>TIMER1_ISR</name>
         <value>0x4540</value>
         <object_component_ref idref="oc-4db"/>
      </symbol>
      <symbol id="sm-54b">
         <name>get_top_variables</name>
         <value>0x107a2</value>
         <object_component_ref idref="oc-68b"/>
      </symbol>
      <symbol id="sm-54c">
         <name>__TI_int39</name>
         <value>0xffde</value>
         <object_component_ref idref="oc-91"/>
      </symbol>
      <symbol id="sm-54d">
         <name>delay_us</name>
         <value>0x10bd0</value>
         <object_component_ref idref="oc-6c1"/>
      </symbol>
      <symbol id="sm-54e">
         <name>absolute</name>
         <value>0x10ae4</value>
         <object_component_ref idref="oc-615"/>
      </symbol>
      <symbol id="sm-54f">
         <name>sensEn_delay_us</name>
         <value>0x10a44</value>
         <object_component_ref idref="oc-5f1"/>
      </symbol>
      <symbol id="sm-576">
         <name>temperatureReadFlag</name>
         <value>0x1d6e</value>
         <object_component_ref idref="oc-54b"/>
      </symbol>
      <symbol id="sm-577">
         <name>__TI_int45</name>
         <value>0xffea</value>
         <object_component_ref idref="oc-97"/>
      </symbol>
      <symbol id="sm-578">
         <name>ADC12_ISR</name>
         <value>0x4400</value>
         <object_component_ref idref="oc-4e7"/>
      </symbol>
      <symbol id="sm-579">
         <name>read_temp_sensor</name>
         <value>0x10b72</value>
         <object_component_ref idref="oc-603"/>
      </symbol>
      <symbol id="sm-588">
         <name>gpio_init</name>
         <value>0x10682</value>
         <object_component_ref idref="oc-679"/>
      </symbol>
      <symbol id="sm-591">
         <name>system_clock_init</name>
         <value>0x10abe</value>
         <object_component_ref idref="oc-673"/>
      </symbol>
      <symbol id="sm-5cb">
         <name>spi_init</name>
         <value>0x10b92</value>
         <object_component_ref idref="oc-67f"/>
      </symbol>
      <symbol id="sm-5cc">
         <name>spi_read</name>
         <value>0x109b2</value>
         <object_component_ref idref="oc-6c3"/>
      </symbol>
      <symbol id="sm-5cd">
         <name>spi_write</name>
         <value>0x10882</value>
         <object_component_ref idref="oc-6bb"/>
      </symbol>
      <symbol id="sm-5f9">
         <name>samplesPerTempReading</name>
         <value>0x1d50</value>
         <object_component_ref idref="oc-548"/>
      </symbol>
      <symbol id="sm-5fa">
         <name>readTemperatureFlag</name>
         <value>0x1d4f</value>
         <object_component_ref idref="oc-548"/>
      </symbol>
      <symbol id="sm-5fb">
         <name>sensENFlag</name>
         <value>0x1d4e</value>
         <object_component_ref idref="oc-548"/>
      </symbol>
      <symbol id="sm-5fc">
         <name>__TI_int44</name>
         <value>0xffe8</value>
         <object_component_ref idref="oc-96"/>
      </symbol>
      <symbol id="sm-5fd">
         <name>timerA_init</name>
         <value>0x10908</value>
         <object_component_ref idref="oc-685"/>
      </symbol>
      <symbol id="sm-5fe">
         <name>timerA0_load_time</name>
         <value>0x10a96</value>
         <object_component_ref idref="oc-5d8"/>
      </symbol>
      <symbol id="sm-5ff">
         <name>timerA1_load_time</name>
         <value>0x10c2e</value>
         <object_component_ref idref="oc-6a7"/>
      </symbol>
      <symbol id="sm-600">
         <name>TIMER0_ISR</name>
         <value>0x44e8</value>
         <object_component_ref idref="oc-4e1"/>
      </symbol>
      <symbol id="sm-63e">
         <name>__TI_int47</name>
         <value>0xffee</value>
         <object_component_ref idref="oc-99"/>
      </symbol>
      <symbol id="sm-63f">
         <name>uart_send</name>
         <value>0x10bb2</value>
         <object_component_ref idref="oc-5eb"/>
      </symbol>
      <symbol id="sm-640">
         <name>UART_ISR</name>
         <value>0x4494</value>
         <object_component_ref idref="oc-4ed"/>
      </symbol>
      <symbol id="sm-641">
         <name>uart_read</name>
         <value>0x10838</value>
         <object_component_ref idref="oc-5e1"/>
      </symbol>
      <symbol id="sm-642">
         <name>uart_init</name>
         <value>0x10a18</value>
         <object_component_ref idref="oc-5d2"/>
      </symbol>
      <symbol id="sm-643">
         <name>uart_rx_timeout</name>
         <value>0x1d5a</value>
         <object_component_ref idref="oc-54e"/>
      </symbol>
      <symbol id="sm-644">
         <name>uart_rx_flag</name>
         <value>0x1d58</value>
         <object_component_ref idref="oc-54e"/>
      </symbol>
      <symbol id="sm-667">
         <name>__TI_decompress_lzss</name>
         <value>0x1060c</value>
         <object_component_ref idref="oc-79"/>
      </symbol>
      <symbol id="sm-678">
         <name>__TI_decompress_none</name>
         <value>0x10c58</value>
         <object_component_ref idref="oc-7f"/>
      </symbol>
      <symbol id="sm-67b">
         <name>__TI_int27</name>
         <value>0xffc6</value>
         <object_component_ref idref="oc-85"/>
      </symbol>
      <symbol id="sm-683">
         <name>__TI_ISR_TRAP</name>
         <value>0x454e</value>
         <object_component_ref idref="oc-4d6"/>
      </symbol>
      <symbol id="sm-686">
         <name>__TI_int28</name>
         <value>0xffc8</value>
         <object_component_ref idref="oc-86"/>
      </symbol>
      <symbol id="sm-689">
         <name>__TI_int29</name>
         <value>0xffca</value>
         <object_component_ref idref="oc-87"/>
      </symbol>
      <symbol id="sm-68c">
         <name>__TI_int30</name>
         <value>0xffcc</value>
         <object_component_ref idref="oc-88"/>
      </symbol>
      <symbol id="sm-68f">
         <name>__TI_int31</name>
         <value>0xffce</value>
         <object_component_ref idref="oc-89"/>
      </symbol>
      <symbol id="sm-692">
         <name>__TI_int32</name>
         <value>0xffd0</value>
         <object_component_ref idref="oc-8a"/>
      </symbol>
      <symbol id="sm-695">
         <name>__TI_int33</name>
         <value>0xffd2</value>
         <object_component_ref idref="oc-8b"/>
      </symbol>
      <symbol id="sm-698">
         <name>__TI_int34</name>
         <value>0xffd4</value>
         <object_component_ref idref="oc-8c"/>
      </symbol>
      <symbol id="sm-69b">
         <name>__TI_int35</name>
         <value>0xffd6</value>
         <object_component_ref idref="oc-8d"/>
      </symbol>
      <symbol id="sm-69e">
         <name>__TI_int36</name>
         <value>0xffd8</value>
         <object_component_ref idref="oc-8e"/>
      </symbol>
      <symbol id="sm-6a1">
         <name>__TI_int37</name>
         <value>0xffda</value>
         <object_component_ref idref="oc-8f"/>
      </symbol>
      <symbol id="sm-6a4">
         <name>__TI_int38</name>
         <value>0xffdc</value>
         <object_component_ref idref="oc-90"/>
      </symbol>
      <symbol id="sm-6a7">
         <name>__TI_int40</name>
         <value>0xffe0</value>
         <object_component_ref idref="oc-92"/>
      </symbol>
      <symbol id="sm-6aa">
         <name>__TI_int41</name>
         <value>0xffe2</value>
         <object_component_ref idref="oc-93"/>
      </symbol>
      <symbol id="sm-6ad">
         <name>__TI_int42</name>
         <value>0xffe4</value>
         <object_component_ref idref="oc-94"/>
      </symbol>
      <symbol id="sm-6b0">
         <name>__TI_int43</name>
         <value>0xffe6</value>
         <object_component_ref idref="oc-95"/>
      </symbol>
      <symbol id="sm-6b3">
         <name>__TI_int46</name>
         <value>0xffec</value>
         <object_component_ref idref="oc-98"/>
      </symbol>
      <symbol id="sm-6b6">
         <name>__TI_int49</name>
         <value>0xfff2</value>
         <object_component_ref idref="oc-9a"/>
      </symbol>
      <symbol id="sm-6b9">
         <name>__TI_int50</name>
         <value>0xfff4</value>
         <object_component_ref idref="oc-9b"/>
      </symbol>
      <symbol id="sm-6bc">
         <name>__TI_int51</name>
         <value>0xfff6</value>
         <object_component_ref idref="oc-9c"/>
      </symbol>
      <symbol id="sm-6bf">
         <name>__TI_int52</name>
         <value>0xfff8</value>
         <object_component_ref idref="oc-9d"/>
      </symbol>
      <symbol id="sm-6c2">
         <name>__TI_int53</name>
         <value>0xfffa</value>
         <object_component_ref idref="oc-9e"/>
      </symbol>
      <symbol id="sm-6c5">
         <name>__TI_int54</name>
         <value>0xfffc</value>
         <object_component_ref idref="oc-9f"/>
      </symbol>
      <symbol id="sm-6d8">
         <name>__TI_zero_init_nomemset</name>
         <value>0x10b08</value>
         <object_component_ref idref="oc-4f3"/>
      </symbol>
      <symbol id="sm-6f3">
         <name>__mspabi_subf</name>
         <value>0x10392</value>
         <object_component_ref idref="oc-610"/>
      </symbol>
      <symbol id="sm-6f4">
         <name>__mspabi_addf</name>
         <value>0x10398</value>
         <object_component_ref idref="oc-610"/>
      </symbol>
      <symbol id="sm-704">
         <name>__mspabi_cmpf</name>
         <value>0x107ee</value>
         <object_component_ref idref="oc-61b"/>
      </symbol>
      <symbol id="sm-716">
         <name>__mspabi_divf</name>
         <value>0x1057c</value>
         <object_component_ref idref="oc-620"/>
      </symbol>
      <symbol id="sm-722">
         <name>__mspabi_remli</name>
         <value>0x108c8</value>
         <object_component_ref idref="oc-562"/>
      </symbol>
      <symbol id="sm-723">
         <name>__mspabi_divli</name>
         <value>0x108c8</value>
         <object_component_ref idref="oc-562"/>
      </symbol>
      <symbol id="sm-731">
         <name>__mspabi_remul</name>
         <value>0x106f6</value>
         <object_component_ref idref="oc-5bb"/>
      </symbol>
      <symbol id="sm-732">
         <name>__mspabi_divul</name>
         <value>0x106f6</value>
         <object_component_ref idref="oc-5bb"/>
      </symbol>
      <symbol id="sm-73f">
         <name>__mspabi_fltif</name>
         <value>0x1097c</value>
         <object_component_ref idref="oc-605"/>
      </symbol>
      <symbol id="sm-756">
         <name>__mspabi_mpyf</name>
         <value>0x104c4</value>
         <object_component_ref idref="oc-60b"/>
      </symbol>
      <symbol id="sm-75f">
         <name>__mspabi_mpyi_f5hw</name>
         <value>0x10be8</value>
         <object_component_ref idref="oc-55d"/>
      </symbol>
      <symbol id="sm-767">
         <name>__mspabi_mpyl_f5hw</name>
         <value>0x10b2c</value>
         <object_component_ref idref="oc-558"/>
      </symbol>
      <symbol id="sm-774">
         <name>__mspabi_negf</name>
         <value>0x10c6a</value>
         <object_component_ref idref="oc-6d7"/>
      </symbol>
      <symbol id="sm-785">
         <name>_stack</name>
         <value>0x2360</value>
         <object_component_ref idref="oc-4ba"/>
      </symbol>
      <symbol id="sm-786">
         <name>_c_int00_noargs</name>
         <value>0x4524</value>
         <object_component_ref idref="oc-505"/>
      </symbol>
      <symbol id="sm-787">
         <name>_reset_vector</name>
         <value>0xfffe</value>
         <object_component_ref idref="oc-4bd"/>
      </symbol>
      <symbol id="sm-7ac">
         <name>__TI_auto_init_nobinit_nopinit_hold_wdt</name>
         <value>0x1074e</value>
         <object_component_ref idref="oc-64c"/>
      </symbol>
      <symbol id="sm-7b5">
         <name>_system_post_cinit</name>
         <value>0x10c7e</value>
         <object_component_ref idref="oc-6f1"/>
      </symbol>
      <symbol id="sm-7be">
         <name>_system_pre_init</name>
         <value>0x10c7a</value>
         <object_component_ref idref="oc-579"/>
      </symbol>
      <symbol id="sm-7c9">
         <name>C$$EXIT</name>
         <value>0x10c74</value>
         <object_component_ref idref="oc-628"/>
      </symbol>
      <symbol id="sm-7ca">
         <name>abort</name>
         <value>0x10c74</value>
         <object_component_ref idref="oc-628"/>
      </symbol>
      <symbol id="sm-7da">
         <name>memcpy</name>
         <value>0x10c44</value>
         <object_component_ref idref="oc-4c9"/>
      </symbol>
      <symbol id="sm-7e8">
         <name>memset</name>
         <value>0x10c18</value>
         <object_component_ref idref="oc-697"/>
      </symbol>
      <symbol id="sm-7f8">
         <name>strncpy</name>
         <value>0x109e6</value>
         <object_component_ref idref="oc-69d"/>
      </symbol>
   </symbol_table>
   <title>Link successful</title>
</link_info>
